Archive member included to satisfy reference by file (symbol)

/usr/local/mcuxpressoide-10.2.0_759/ide/tools/bin/../lib/gcc/arm-none-eabi/7.2.1/../../../../arm-none-eabi/lib/thumb/v6-m/libcr_semihost_nf.a(_cr__main.o)
                              ./startup/startup_mkw36z4.o (__main)
/usr/local/mcuxpressoide-10.2.0_759/ide/tools/bin/../lib/gcc/arm-none-eabi/7.2.1/../../../../arm-none-eabi/lib/thumb/v6-m/libcr_semihost_nf.a(_cr_assert.o)
                              ./drivers/fsl_clock.o (__assertion_failed)
/usr/local/mcuxpressoide-10.2.0_759/ide/tools/bin/../lib/gcc/arm-none-eabi/7.2.1/../../../../arm-none-eabi/lib/thumb/v6-m/libcr_semihost_nf.a(__ciob.o)
                              /usr/local/mcuxpressoide-10.2.0_759/ide/tools/bin/../lib/gcc/arm-none-eabi/7.2.1/../../../../arm-none-eabi/lib/thumb/v6-m/libcr_semihost_nf.a(_cr_assert.o) (__Ciob)
/usr/local/mcuxpressoide-10.2.0_759/ide/tools/bin/../lib/gcc/arm-none-eabi/7.2.1/../../../../arm-none-eabi/lib/thumb/v6-m/libcr_semihost_nf.a(__sys_appexit.o)
                              /usr/local/mcuxpressoide-10.2.0_759/ide/tools/bin/../lib/gcc/arm-none-eabi/7.2.1/../../../../arm-none-eabi/lib/thumb/v6-m/libcr_semihost_nf.a(_cr_assert.o) (__sys_appexit)
/usr/local/mcuxpressoide-10.2.0_759/ide/tools/bin/../lib/gcc/arm-none-eabi/7.2.1/../../../../arm-none-eabi/lib/thumb/v6-m/libcr_c.a(memcpy.o)
                              ./freertos/queue.o (memcpy)
/usr/local/mcuxpressoide-10.2.0_759/ide/tools/bin/../lib/gcc/arm-none-eabi/7.2.1/../../../../arm-none-eabi/lib/thumb/v6-m/libcr_c.a(memset.o)
                              ./freertos/tasks.o (memset)
/usr/local/mcuxpressoide-10.2.0_759/ide/tools/bin/../lib/gcc/arm-none-eabi/7.2.1/../../../../arm-none-eabi/lib/thumb/v6-m/libcr_c.a(_deferredlazyseek.o)
                              /usr/local/mcuxpressoide-10.2.0_759/ide/tools/bin/../lib/gcc/arm-none-eabi/7.2.1/../../../../arm-none-eabi/lib/thumb/v6-m/libcr_semihost_nf.a(_cr_assert.o) (__flsbuf)
/usr/local/mcuxpressoide-10.2.0_759/ide/tools/bin/../lib/gcc/arm-none-eabi/7.2.1/../../../../arm-none-eabi/lib/thumb/v6-m/libcr_c.a(_fflush.o)
                              /usr/local/mcuxpressoide-10.2.0_759/ide/tools/bin/../lib/gcc/arm-none-eabi/7.2.1/../../../../arm-none-eabi/lib/thumb/v6-m/libcr_c.a(_deferredlazyseek.o) (_fflush)
/usr/local/mcuxpressoide-10.2.0_759/ide/tools/bin/../lib/gcc/arm-none-eabi/7.2.1/../../../../arm-none-eabi/lib/thumb/v6-m/libcr_c.a(_writebuf.o)
                              /usr/local/mcuxpressoide-10.2.0_759/ide/tools/bin/../lib/gcc/arm-none-eabi/7.2.1/../../../../arm-none-eabi/lib/thumb/v6-m/libcr_c.a(_deferredlazyseek.o) (_Cwritebuf)
/usr/local/mcuxpressoide-10.2.0_759/ide/tools/bin/../lib/gcc/arm-none-eabi/7.2.1/../../../../arm-none-eabi/lib/thumb/v6-m/libcr_c.a(alloc.o)
                              /usr/local/mcuxpressoide-10.2.0_759/ide/tools/bin/../lib/gcc/arm-none-eabi/7.2.1/../../../../arm-none-eabi/lib/thumb/v6-m/libcr_c.a(_deferredlazyseek.o) (_Csys_alloc)
/usr/local/mcuxpressoide-10.2.0_759/ide/tools/bin/../lib/gcc/arm-none-eabi/7.2.1/../../../../arm-none-eabi/lib/thumb/v6-m/libcr_c.a(fputs.o)
                              /usr/local/mcuxpressoide-10.2.0_759/ide/tools/bin/../lib/gcc/arm-none-eabi/7.2.1/../../../../arm-none-eabi/lib/thumb/v6-m/libcr_semihost_nf.a(_cr_assert.o) (fputs)
/usr/local/mcuxpressoide-10.2.0_759/ide/tools/bin/../lib/gcc/arm-none-eabi/7.2.1/../../../../arm-none-eabi/lib/thumb/v6-m/libcr_c.a(fseek.o)
                              /usr/local/mcuxpressoide-10.2.0_759/ide/tools/bin/../lib/gcc/arm-none-eabi/7.2.1/../../../../arm-none-eabi/lib/thumb/v6-m/libcr_c.a(_deferredlazyseek.o) (fseek)
/usr/local/mcuxpressoide-10.2.0_759/ide/tools/bin/../lib/gcc/arm-none-eabi/7.2.1/../../../../arm-none-eabi/lib/thumb/v6-m/libcr_c.a(ftell.o)
                              /usr/local/mcuxpressoide-10.2.0_759/ide/tools/bin/../lib/gcc/arm-none-eabi/7.2.1/../../../../arm-none-eabi/lib/thumb/v6-m/libcr_c.a(fseek.o) (ftell)
/usr/local/mcuxpressoide-10.2.0_759/ide/tools/bin/../lib/gcc/arm-none-eabi/7.2.1/../../../../arm-none-eabi/lib/thumb/v6-m/libcr_c.a(initio.o)
                              /usr/local/mcuxpressoide-10.2.0_759/ide/tools/bin/../lib/gcc/arm-none-eabi/7.2.1/../../../../arm-none-eabi/lib/thumb/v6-m/libcr_semihost_nf.a(_cr__main.o) (_initio)
/usr/local/mcuxpressoide-10.2.0_759/ide/tools/bin/../lib/gcc/arm-none-eabi/7.2.1/../../../../arm-none-eabi/lib/thumb/v6-m/libcr_c.a(printf.o)
                              ./source/ArqSwAutomotriz_HMI.o (_printf)
/usr/local/mcuxpressoide-10.2.0_759/ide/tools/bin/../lib/gcc/arm-none-eabi/7.2.1/../../../../arm-none-eabi/lib/thumb/v6-m/libcr_c.a(setvbuf.o)
                              /usr/local/mcuxpressoide-10.2.0_759/ide/tools/bin/../lib/gcc/arm-none-eabi/7.2.1/../../../../arm-none-eabi/lib/thumb/v6-m/libcr_c.a(initio.o) (setvbuf)
/usr/local/mcuxpressoide-10.2.0_759/ide/tools/bin/../lib/gcc/arm-none-eabi/7.2.1/../../../../arm-none-eabi/lib/thumb/v6-m/libcr_c.a(strlen.o)
[...]
Memory Configuration

Name             Origin             Length             Attributes
PROGRAM_FLASH    0x0000000000000000 0x0000000000040000 xr
FLEX_NVM         0x0000000010000000 0x0000000000040000 xr
SRAM             0x000000001fffc000 0x0000000000010000 xrw
FLEX_RAM         0x0000000014000000 0x0000000000002000 xrw
*default*        0x0000000000000000 0xffffffffffffffff

Linker script and memory map

LOAD ./utilities/fsl_debug_console.o
LOAD ./startup/startup_mkw36z4.o
LOAD ./source/ArqSwAutomotriz_HMI.o
LOAD ./source/mtb.o
LOAD ./source/semihost_hardfault.o
LOAD ./freertos/croutine.o
LOAD ./freertos/event_groups.o
LOAD ./freertos/fsl_tickless_lptmr.o
LOAD ./freertos/fsl_tickless_systick.o
LOAD ./freertos/heap_4.o
LOAD ./freertos/list.o
LOAD ./freertos/port.o
LOAD ./freertos/queue.o
LOAD ./freertos/tasks.o
LOAD ./freertos/timers.o
LOAD ./drivers/fsl_clock.o
LOAD ./drivers/fsl_common.o
LOAD ./drivers/fsl_flash.o
LOAD ./drivers/fsl_gpio.o
LOAD ./drivers/fsl_lptmr.o
LOAD ./drivers/fsl_lpuart.o
LOAD ./drivers/fsl_lpuart_freertos.o
LOAD ./drivers/fsl_smc.o
LOAD ./board/board.o
LOAD ./board/clock_config.o
LOAD ./board/peripherals.o
LOAD ./board/pin_mux.o
LOAD ./CMSIS/system_MKW36Z4.o
START GROUP
LOAD /usr/local/mcuxpressoide-10.2.0_759/ide/tools/bin/../lib/gcc/arm-none-eabi/7.2.1/../../../../arm-none-eabi/lib/thumb/v6-m/libcr_semihost_nf.a
LOAD /usr/local/mcuxpressoide-10.2.0_759/ide/tools/bin/../lib/gcc/arm-none-eabi/7.2.1/../../../../arm-none-eabi/lib/thumb/v6-m/libcr_c.a
LOAD /usr/local/mcuxpressoide-10.2.0_759/ide/tools/bin/../lib/gcc/arm-none-eabi/7.2.1/thumb/v6-m/libcr_eabihelpers.a
END GROUP
                0x0000000000000000                __base_PROGRAM_FLASH = 0x0
                0x0000000000000000                __base_Flash = 0x0
                0x0000000000040000                __top_PROGRAM_FLASH = 0x40000
                0x0000000000040000                __top_Flash = 0x40000
                0x0000000010000000                __base_FLEX_NVM = 0x10000000
                0x0000000010000000                __base_Flash2 = 0x10000000
                0x0000000010040000                __top_FLEX_NVM = 0x10040000
                0x0000000010040000                __top_Flash2 = 0x10040000
                0x000000001fffc000                __base_SRAM = 0x1fffc000
                0x000000001fffc000                __base_RAM = 0x1fffc000
                0x000000002000c000                __top_SRAM = 0x2000c000
                0x000000002000c000                __top_RAM = 0x2000c000
                0x0000000014000000                __base_FLEX_RAM = 0x14000000
                0x0000000014000000                __base_RAM2 = 0x14000000
                0x0000000014002000                __top_FLEX_RAM = 0x14002000
                0x0000000014002000                __top_RAM2 = 0x14002000

.text_Flash2    0x0000000010000000        0x0
 FILL mask 0xff
 *(SORT_BY_ALIGNMENT(.text_Flash2*))
 *(SORT_BY_ALIGNMENT(.text_FLEX_NVM*))
 *(SORT_BY_ALIGNMENT(.text.$Flash2*))
 *(SORT_BY_ALIGNMENT(.text.$FLEX_NVM*))
 *(SORT_BY_ALIGNMENT(.rodata.$Flash2*))
 *(SORT_BY_ALIGNMENT(.rodata.$FLEX_NVM*))

.text           0x0000000000000000     0x34fc
 FILL mask 0xff
                0x0000000000000000                __vectors_start__ = ABSOLUTE (.)
 *(SORT_BY_ALIGNMENT(.isr_vector))
 .isr_vector    0x0000000000000000       0xc0 ./startup/startup_mkw36z4.o
                0x0000000000000000                __Vectors
                0x0000000000000000                g_pfnVectors
                0x00000000000000c0                . = ALIGN (0x4)
                0x00000000000000c0                __section_table_start = .
                0x00000000000000c0                __data_section_table = .
                0x00000000000000c0        0x4 LONG 0x34fc LOADADDR (.data)
                0x00000000000000c4        0x4 LONG 0x1fffc080 ADDR (.data)
                0x00000000000000c8        0x4 LONG 0x4 SIZEOF (.data)
                0x00000000000000cc        0x4 LONG 0x34fc LOADADDR (.data_RAM2)
                0x00000000000000d0        0x4 LONG 0x14000000 ADDR (.data_RAM2)
                0x00000000000000d4        0x4 LONG 0x0 SIZEOF (.data_RAM2)
                0x00000000000000d8                __data_section_table_end = .
                0x00000000000000d8                __bss_section_table = .
                0x00000000000000d8        0x4 LONG 0x1fffc084 ADDR (.bss)
                0x00000000000000dc        0x4 LONG 0x170 SIZEOF (.bss)
                0x00000000000000e0        0x4 LONG 0x14000000 ADDR (.bss_RAM2)
                0x00000000000000e4        0x4 LONG 0x0 SIZEOF (.bss_RAM2)
                0x00000000000000e8                __bss_section_table_end = .
                0x00000000000000e8                __section_table_end = .
 *(SORT_BY_ALIGNMENT(.after_vectors*))
 .after_vectors.reset
                0x00000000000000e8       0x4c ./startup/startup_mkw36z4.o
                0x00000000000000e8                ResetISR
 .after_vectors.init_data
                0x0000000000000134       0x16 ./startup/startup_mkw36z4.o
                0x0000000000000134                data_init
 .after_vectors.init_bss
                0x000000000000014a       0x12 ./startup/startup_mkw36z4.o
                0x000000000000014a                bss_init
 .after_vectors
                0x000000000000015c      0x10c ./startup/startup_mkw36z4.o
                0x000000000000015c                NMI_Handler
                0x0000000000000166                PIT_DriverIRQHandler
                0x0000000000000166                DMA0_DriverIRQHandler
                0x0000000000000166                SPI1_DriverIRQHandler
                0x0000000000000166                LPTMR0_DriverIRQHandler
                0x0000000000000166                PORTB_PORTC_DriverIRQHandler
                0x0000000000000166                TRNG0_DriverIRQHandler
                0x0000000000000166                TPM2_DriverIRQHandler
                0x0000000000000166                RTC_Seconds_DriverIRQHandler
                0x0000000000000166                LLWU_DriverIRQHandler
                0x0000000000000166                MCG_DriverIRQHandler
                0x0000000000000166                IntDefaultHandler
                0x0000000000000166                TPM0_DriverIRQHandler
                0x0000000000000166                LVD_LVW_DCDC_DriverIRQHandler
                0x0000000000000166                Reserved20_DriverIRQHandler
                0x0000000000000166                DMA3_DriverIRQHandler
                0x0000000000000166                Radio_1_DriverIRQHandler
                0x0000000000000166                CMT_DriverIRQHandler
                0x0000000000000166                PORTA_DriverIRQHandler
                0x0000000000000166                TPM1_DriverIRQHandler
                0x0000000000000166                RTC_DriverIRQHandler
                0x0000000000000166                DMA1_DriverIRQHandler
                0x0000000000000166                I2C1_DriverIRQHandler
                0x0000000000000166                LTC0_DriverIRQHandler
                0x0000000000000166                SPI0_DriverIRQHandler
                0x0000000000000166                ADC0_DriverIRQHandler
                0x0000000000000166                Radio_0_DriverIRQHandler
                0x0000000000000166                CMP0_DriverIRQHandler
                0x0000000000000166                CAN0_DriverIRQHandler
                0x0000000000000166                DMA2_DriverIRQHandler
                0x0000000000000166                FTFE_DriverIRQHandler
                0x0000000000000166                I2C0_DriverIRQHandler
                0x0000000000000168                DMA0_IRQHandler
                0x0000000000000170                DMA1_IRQHandler
                0x0000000000000178                DMA2_IRQHandler
                0x0000000000000180                DMA3_IRQHandler
                0x0000000000000188                Reserved20_IRQHandler
                0x0000000000000190                FTFE_IRQHandler
                0x0000000000000198                LVD_LVW_DCDC_IRQHandler
                0x00000000000001a0                LLWU_IRQHandler
                0x00000000000001a8                I2C0_IRQHandler
                0x00000000000001b0                I2C1_IRQHandler
                0x00000000000001b8                SPI0_IRQHandler
                0x00000000000001c0                CAN0_IRQHandler
                0x00000000000001c8                LPUART0_LPUART1_IRQHandler
                0x00000000000001d0                TRNG0_IRQHandler
                0x00000000000001d8                CMT_IRQHandler
                0x00000000000001e0                ADC0_IRQHandler
                0x00000000000001e8                CMP0_IRQHandler
                0x00000000000001f0                TPM0_IRQHandler
                0x00000000000001f8                TPM1_IRQHandler
                0x0000000000000200                TPM2_IRQHandler
                0x0000000000000208                RTC_IRQHandler
                0x0000000000000210                RTC_Seconds_IRQHandler
                0x0000000000000218                PIT_IRQHandler
                0x0000000000000220                LTC0_IRQHandler
                0x0000000000000228                Radio_0_IRQHandler
                0x0000000000000230                CAN0_MB_IRQHandler
                0x0000000000000238                Radio_1_IRQHandler
                0x0000000000000240                MCG_IRQHandler
                0x0000000000000248                LPTMR0_IRQHandler
                0x0000000000000250                SPI1_IRQHandler
                0x0000000000000258                PORTA_IRQHandler
                0x0000000000000260                PORTB_PORTC_IRQHandler
                0x0000000000000400                . = 0x400
 *fill*         0x0000000000000268      0x198 ff
                0x0000000000000400                PROVIDE (__FLASH_CONFIG_START__, .)
 *(SORT_BY_ALIGNMENT(.FlashConfig))
 .FlashConfig   0x0000000000000400       0x10 ./startup/startup_mkw36z4.o
                0x0000000000000400                Flash_Config
                0x0000000000000410                PROVIDE (__FLASH_CONFIG_END__, .)
                0x0000000000000001                ASSERT (! ((__FLASH_CONFIG_START__ == __FLASH_CONFIG_END__)), Linker Flash Config Support Enabled, but no .FlashConfig section provided within application)
 *(SORT_BY_ALIGNMENT(.text*))
 .text.PendSV_Handler
                0x0000000000000410       0x48 ./freertos/port.o
                0x0000000000000410                PendSV_Handler
 .text.LPUART_EnableTx
                0x0000000000000458       0x40 ./utilities/fsl_debug_console.o
 .text.LPUART_EnableRx
                0x0000000000000498       0x40 ./utilities/fsl_debug_console.o
 .text.DbgConsole_Init
                0x00000000000004d8       0x94 ./utilities/fsl_debug_console.o
                0x00000000000004d8                DbgConsole_Init
 .text.main     0x000000000000056c       0x30 ./source/ArqSwAutomotriz_HMI.o
                0x000000000000056c                main
 .text.HardFault_Handler
                0x000000000000059c       0x30 ./source/semihost_hardfault.o
                0x000000000000059c                HardFault_Handler
 .text.SysTick_Handler
                0x00000000000005cc       0x34 ./freertos/port.o
                0x00000000000005cc                SysTick_Handler
 .text.xTaskIncrementTick
                0x0000000000000600      0x14c ./freertos/tasks.o
                0x0000000000000600                xTaskIncrementTick
 .text.vTaskSwitchContext
                0x000000000000074c       0xa4 ./freertos/tasks.o
                0x000000000000074c                vTaskSwitchContext
 .text.prvResetNextTaskUnblockTime
                0x00000000000007f0       0x48 ./freertos/tasks.o
 .text.CLOCK_SetEr32kClock
                0x0000000000000838       0x34 ./drivers/fsl_clock.o
 .text.CLOCK_GetOscRangeFromFreq
                0x000000000000086c       0x4c ./drivers/fsl_clock.o
 .text.CLOCK_GetOsc0ErClkFreq
                0x00000000000008b8       0x28 ./drivers/fsl_clock.o
                0x00000000000008b8                CLOCK_GetOsc0ErClkFreq
 .text.CLOCK_SetSimConfig
                0x00000000000008e0       0x2c ./drivers/fsl_clock.o
                0x00000000000008e0                CLOCK_SetSimConfig
 .text.CLOCK_SetExternalRefClkConfig
                0x000000000000090c       0x80 ./drivers/fsl_clock.o
                0x000000000000090c                CLOCK_SetExternalRefClkConfig
 .text.CLOCK_SetInternalRefClkConfig
                0x000000000000098c      0x128 ./drivers/fsl_clock.o
                0x000000000000098c                CLOCK_SetInternalRefClkConfig
 .text.CLOCK_InitOsc0
                0x0000000000000ab4       0x68 ./drivers/fsl_clock.o
                0x0000000000000ab4                CLOCK_InitOsc0
 .text.CLOCK_SetFeeMode
                0x0000000000000b1c      0x13c ./drivers/fsl_clock.o
                0x0000000000000b1c                CLOCK_SetFeeMode
 .text.CLOCK_EnableClock
                0x0000000000000c58       0x34 ./drivers/fsl_lpuart.o
 .text.CLOCK_isEnabledClock
                0x0000000000000c8c       0x38 ./drivers/fsl_lpuart.o
 .text.LPUART_GetInstance
                0x0000000000000cc4       0x4c ./drivers/fsl_lpuart.o
                0x0000000000000cc4                LPUART_GetInstance
 .text.LPUART_Init
                0x0000000000000d10      0x2dc ./drivers/fsl_lpuart.o
                0x0000000000000d10                LPUART_Init
 .text.LPUART_GetDefaultConfig
                0x0000000000000fec       0x5c ./drivers/fsl_lpuart.o
                0x0000000000000fec                LPUART_GetDefaultConfig
 .text.LPUART_ClearStatusFlags
                0x0000000000001048       0xb0 ./drivers/fsl_lpuart.o
                0x0000000000001048                LPUART_ClearStatusFlags
 .text.LPUART_WriteBlocking
                0x00000000000010f8       0x4c ./drivers/fsl_lpuart.o
                0x00000000000010f8                LPUART_WriteBlocking
 .text.LPUART_ReadBlocking
                0x0000000000001144       0xd8 ./drivers/fsl_lpuart.o
                0x0000000000001144                LPUART_ReadBlocking
 .text.LPUART0_LPUART1_DriverIRQHandler
                0x000000000000121c       0xd0 ./drivers/fsl_lpuart.o
                0x000000000000121c                LPUART0_LPUART1_DriverIRQHandler
 .text.CLOCK_SetLpuart0Clock
                0x00000000000012ec       0x38 ./board/board.o
 .text.BOARD_InitDebugConsole
                0x0000000000001324       0x30 ./board/board.o
                0x0000000000001324                BOARD_InitDebugConsole
 .text.CLOCK_SetSimSafeDivs
                0x0000000000001354       0x1c ./board/clock_config.o
 .text.CLOCK_SetXtal0Freq
                0x0000000000001370       0x1c ./board/clock_config.o
 .text.CLOCK_CONFIG_FllStableDelay
                0x000000000000138c       0x24 ./board/clock_config.o
 .text.BOARD_RfOscInit
                0x00000000000013b0       0xd0 ./board/clock_config.o
                0x00000000000013b0                BOARD_RfOscInit
 .text.BOARD_InitOsc0
                0x0000000000001480       0x30 ./board/clock_config.o
                0x0000000000001480                BOARD_InitOsc0
 .text.BOARD_BootClockRUN
                0x00000000000014b0       0x58 ./board/clock_config.o
                0x00000000000014b0                BOARD_BootClockRUN
 .text.CLOCK_EnableClock
                0x0000000000001508       0x34 ./board/pin_mux.o
 .text.PORT_SetPinMux
                0x000000000000153c       0x40 ./board/pin_mux.o
 .text.BOARD_InitPins
                0x000000000000157c       0x50 ./board/pin_mux.o
                0x000000000000157c                BOARD_InitPins
 .text.SystemInit
                0x00000000000015cc       0x18 ./CMSIS/system_MKW36Z4.o
                0x00000000000015cc                SystemInit
 .text.__assertion_failed
                0x00000000000015e4       0x4c /usr/local/mcuxpressoide-10.2.0_759/ide/tools/bin/../lib/gcc/arm-none-eabi/7.2.1/../../../../arm-none-eabi/lib/thumb/v6-m/libcr_semihost_nf.a(_cr_assert.o)
                0x00000000000015e4                __assertion_failed
 .text.__sys_appexit
                0x0000000000001630        0xc /usr/local/mcuxpressoide-10.2.0_759/ide/tools/bin/../lib/gcc/arm-none-eabi/7.2.1/../../../../arm-none-eabi/lib/thumb/v6-m/libcr_semihost_nf.a(__sys_appexit.o)
                0x0000000000001630                __exit
                0x0000000000001630                __sys_appexit
 .text._deferredlazyseek
                0x000000000000163c       0x40 /usr/local/mcuxpressoide-10.2.0_759/ide/tools/bin/../lib/gcc/arm-none-eabi/7.2.1/../../../../arm-none-eabi/lib/thumb/v6-m/libcr_c.a(_deferredlazyseek.o)
                0x000000000000163c                _deferredlazyseek
 .text.__flsbuf
                0x000000000000167c      0x14c /usr/local/mcuxpressoide-10.2.0_759/ide/tools/bin/../lib/gcc/arm-none-eabi/7.2.1/../../../../arm-none-eabi/lib/thumb/v6-m/libcr_c.a(_deferredlazyseek.o)
                0x000000000000167c                __flsbuf
 .text._fflush  0x00000000000017c8       0x5c /usr/local/mcuxpressoide-10.2.0_759/ide/tools/bin/../lib/gcc/arm-none-eabi/7.2.1/../../../../arm-none-eabi/lib/thumb/v6-m/libcr_c.a(_fflush.o)
                0x00000000000017c8                _fflush
 .text._Cwritebuf
                0x0000000000001824       0x68 /usr/local/mcuxpressoide-10.2.0_759/ide/tools/bin/../lib/gcc/arm-none-eabi/7.2.1/../../../../arm-none-eabi/lib/thumb/v6-m/libcr_c.a(_writebuf.o)
                0x0000000000001824                _Cwritebuf
 .text.malloc   0x000000000000188c       0xcc /usr/local/mcuxpressoide-10.2.0_759/ide/tools/bin/../lib/gcc/arm-none-eabi/7.2.1/../../../../arm-none-eabi/lib/thumb/v6-m/libcr_c.a(alloc.o)
                0x000000000000188c                malloc
 .text._Csys_alloc
                0x0000000000001958       0x20 /usr/local/mcuxpressoide-10.2.0_759/ide/tools/bin/../lib/gcc/arm-none-eabi/7.2.1/../../../../arm-none-eabi/lib/thumb/v6-m/libcr_c.a(alloc.o)
                0x0000000000001958                _Csys_alloc
 .text.fseek    0x0000000000001978       0xf0 /usr/local/mcuxpressoide-10.2.0_759/ide/tools/bin/../lib/gcc/arm-none-eabi/7.2.1/../../../../arm-none-eabi/lib/thumb/v6-m/libcr_c.a(fseek.o)
                0x0000000000001978                fseek
 .text.ftell    0x0000000000001a68       0x48 /usr/local/mcuxpressoide-10.2.0_759/ide/tools/bin/../lib/gcc/arm-none-eabi/7.2.1/../../../../arm-none-eabi/lib/thumb/v6-m/libcr_c.a(ftell.o)
                0x0000000000001a68                ftell
 .text._initio  0x0000000000001ab0       0x7c /usr/local/mcuxpressoide-10.2.0_759/ide/tools/bin/../lib/gcc/arm-none-eabi/7.2.1/../../../../arm-none-eabi/lib/thumb/v6-m/libcr_c.a(initio.o)
                0x0000000000001ab0                _initio
 .text.__vfprintf
                0x0000000000001b2c      0xcd4 /usr/local/mcuxpressoide-10.2.0_759/ide/tools/bin/../lib/gcc/arm-none-eabi/7.2.1/../../../../arm-none-eabi/lib/thumb/v6-m/libcr_c.a(printf.o)
                0x0000000000001b2c                __vfprintf
 .text._vsnprintf
                0x0000000000002800       0x60 /usr/local/mcuxpressoide-10.2.0_759/ide/tools/bin/../lib/gcc/arm-none-eabi/7.2.1/../../../../arm-none-eabi/lib/thumb/v6-m/libcr_c.a(printf.o)
                0x0000000000002800                _vsnprintf
 .text._printf  0x0000000000002860       0x50 /usr/local/mcuxpressoide-10.2.0_759/ide/tools/bin/../lib/gcc/arm-none-eabi/7.2.1/../../../../arm-none-eabi/lib/thumb/v6-m/libcr_c.a(printf.o)
                0x0000000000002860                _printf
 .text.setvbuf  0x00000000000028b0       0x48 /usr/local/mcuxpressoide-10.2.0_759/ide/tools/bin/../lib/gcc/arm-none-eabi/7.2.1/../../../../arm-none-eabi/lib/thumb/v6-m/libcr_c.a(setvbuf.o)
                0x00000000000028b0                setvbuf
 .text.strlen   0x00000000000028f8       0x58 /usr/local/mcuxpressoide-10.2.0_759/ide/tools/bin/../lib/gcc/arm-none-eabi/7.2.1/../../../../arm-none-eabi/lib/thumb/v6-m/libcr_c.a(strlen.o)
                0x00000000000028f8                strlen
 .text._sbrk    0x0000000000002950       0x40 /usr/local/mcuxpressoide-10.2.0_759/ide/tools/bin/../lib/gcc/arm-none-eabi/7.2.1/../../../../arm-none-eabi/lib/thumb/v6-m/libcr_c.a(_cr_sbrk.o)
                0x0000000000002950                _sbrk
 .text._fdopen  0x0000000000002990       0x74 /usr/local/mcuxpressoide-10.2.0_759/ide/tools/bin/../lib/gcc/arm-none-eabi/7.2.1/../../../../arm-none-eabi/lib/thumb/v6-m/libcr_c.a(_fdopen.o)
                0x0000000000002990                _fdopen
 .text.fclose   0x0000000000002a04       0x5c /usr/local/mcuxpressoide-10.2.0_759/ide/tools/bin/../lib/gcc/arm-none-eabi/7.2.1/../../../../arm-none-eabi/lib/thumb/v6-m/libcr_c.a(fclose.o)
                0x0000000000002a04                fclose
 .text.fflush   0x0000000000002a60       0x44 /usr/local/mcuxpressoide-10.2.0_759/ide/tools/bin/../lib/gcc/arm-none-eabi/7.2.1/../../../../arm-none-eabi/lib/thumb/v6-m/libcr_c.a(fflush.o)
                0x0000000000002a60                fflush
 .text.__check_heap_overflow
                0x0000000000002aa4       0x14 /usr/local/mcuxpressoide-10.2.0_759/ide/tools/bin/../lib/gcc/arm-none-eabi/7.2.1/../../../../arm-none-eabi/lib/thumb/v6-m/libcr_c.a(_cr_check_heap.o)
                0x0000000000002aa4                __check_heap_overflow
 .text._do_fflush
                0x0000000000002ab8       0x44 /usr/local/mcuxpressoide-10.2.0_759/ide/tools/bin/../lib/gcc/arm-none-eabi/7.2.1/../../../../arm-none-eabi/lib/thumb/v6-m/libcr_c.a(_do_fflush.o)
                0x0000000000002ab8                _do_fflush
 .text.vListInsertEnd
                0x0000000000002afc       0x44 ./freertos/list.o
                0x0000000000002afc                vListInsertEnd
 .text.uxListRemove
                0x0000000000002b40       0x50 ./freertos/list.o
                0x0000000000002b40                uxListRemove
 .text.SVC_Handler
                0x0000000000002b90        0xa ./freertos/port.o
                0x0000000000002b90                SVC_Handler
 .text.ulSetInterruptMaskFromISR
                0x0000000000002b9a        0xc ./freertos/port.o
                0x0000000000002b9a                ulSetInterruptMaskFromISR
 .text.vClearInterruptMaskFromISR
                0x0000000000002ba6        0x8 ./freertos/port.o
                0x0000000000002ba6                vClearInterruptMaskFromISR
 .text.CLOCK_BootToFeeMode
                0x0000000000002bae       0x4e ./drivers/fsl_clock.o
                0x0000000000002bae                CLOCK_BootToFeeMode
 .text.LPUART_GetStatusFlags
                0x0000000000002bfc       0x28 ./drivers/fsl_lpuart.o
                0x0000000000002bfc                LPUART_GetStatusFlags
 .text.BOARD_InitBootClocks
                0x0000000000002c24        0xe ./board/clock_config.o
                0x0000000000002c24                BOARD_InitBootClocks
 .text.BOARD_InitBootPeripherals
                0x0000000000002c32        0xa ./board/peripherals.o
                0x0000000000002c32                BOARD_InitBootPeripherals
 .text.BOARD_InitBootPins
                0x0000000000002c3c        0xe ./board/pin_mux.o
                0x0000000000002c3c                BOARD_InitBootPins
 .text.__main   0x0000000000002c4a        0xc /usr/local/mcuxpressoide-10.2.0_759/ide/tools/bin/../lib/gcc/arm-none-eabi/7.2.1/../../../../arm-none-eabi/lib/thumb/v6-m/libcr_semihost_nf.a(_cr__main.o)
                0x0000000000002c4a                __main
                0x0000000000002c4a                __CR_SEMIHOST
 .text.memset   0x0000000000002c56        0x8 /usr/local/mcuxpressoide-10.2.0_759/ide/tools/bin/../lib/gcc/arm-none-eabi/7.2.1/../../../../arm-none-eabi/lib/thumb/v6-m/libcr_c.a(memset.o)
                0x0000000000002c56                memset
 .text.free     0x0000000000002c5e       0x2c /usr/local/mcuxpressoide-10.2.0_759/ide/tools/bin/../lib/gcc/arm-none-eabi/7.2.1/../../../../arm-none-eabi/lib/thumb/v6-m/libcr_c.a(alloc.o)
                0x0000000000002c5e                free
 .text.fputs    0x0000000000002c8a       0x2e /usr/local/mcuxpressoide-10.2.0_759/ide/tools/bin/../lib/gcc/arm-none-eabi/7.2.1/../../../../arm-none-eabi/lib/thumb/v6-m/libcr_c.a(fputs.o)
                0x0000000000002c8a                fputs
 .text.no_fp_display
                0x0000000000002cb8        0x4 /usr/local/mcuxpressoide-10.2.0_759/ide/tools/bin/../lib/gcc/arm-none-eabi/7.2.1/../../../../arm-none-eabi/lib/thumb/v6-m/libcr_c.a(printf.o)
 .text.remove   0x0000000000002cbc       0x12 /usr/local/mcuxpressoide-10.2.0_759/ide/tools/bin/../lib/gcc/arm-none-eabi/7.2.1/../../../../arm-none-eabi/lib/thumb/v6-m/libcr_c.a(remove.o)
                0x0000000000002cbc                remove
 .text.__aeabi_division_idivmod
                0x0000000000002cce       0x78 /usr/local/mcuxpressoide-10.2.0_759/ide/tools/bin/../lib/gcc/arm-none-eabi/7.2.1/thumb/v6-m/libcr_eabihelpers.a(division_32.o)
                0x0000000000002cce                __aeabi_idiv
                0x0000000000002cce                __aeabi_idivmod
                0x0000000000002cd4                __aeabi_uidiv
                0x0000000000002cd4                __aeabi_uidivmod
 .text.__aeabi_division_idiv0
                0x0000000000002d46        0x2 /usr/local/mcuxpressoide-10.2.0_759/ide/tools/bin/../lib/gcc/arm-none-eabi/7.2.1/thumb/v6-m/libcr_eabihelpers.a(division_idiv0.o)
                0x0000000000002d46                __aeabi_idiv0
 .text.__aeabi_llong_lmul
                0x0000000000002d48       0x2e /usr/local/mcuxpressoide-10.2.0_759/ide/tools/bin/../lib/gcc/arm-none-eabi/7.2.1/thumb/v6-m/libcr_eabihelpers.a(llong.o)
                0x0000000000002d48                __aeabi_lmul
 .text.__aeabi_memset_lowlevel
                0x0000000000002d76       0x2a /usr/local/mcuxpressoide-10.2.0_759/ide/tools/bin/../lib/gcc/arm-none-eabi/7.2.1/thumb/v6-m/libcr_eabihelpers.a(memcpy.o)
                0x0000000000002d76                __aeabi_lowlevel_memset
 .text.__sys_close
                0x0000000000002da0        0xc /usr/local/mcuxpressoide-10.2.0_759/ide/tools/bin/../lib/gcc/arm-none-eabi/7.2.1/../../../../arm-none-eabi/lib/thumb/v6-m/libcr_semihost_nf.a(__sys_close.o)
                0x0000000000002da0                __sys_close
 .text.__sys_flen
                0x0000000000002dac        0xc /usr/local/mcuxpressoide-10.2.0_759/ide/tools/bin/../lib/gcc/arm-none-eabi/7.2.1/../../../../arm-none-eabi/lib/thumb/v6-m/libcr_semihost_nf.a(__sys_flen.o)
                0x0000000000002dac                __sys_flen
 .text.__sys_istty
                0x0000000000002db8        0xc /usr/local/mcuxpressoide-10.2.0_759/ide/tools/bin/../lib/gcc/arm-none-eabi/7.2.1/../../../../arm-none-eabi/lib/thumb/v6-m/libcr_semihost_nf.a(__sys_istty.o)
                0x0000000000002db8                __sys_istty
 .text.__sys_remove
                0x0000000000002dc4        0xc /usr/local/mcuxpressoide-10.2.0_759/ide/tools/bin/../lib/gcc/arm-none-eabi/7.2.1/../../../../arm-none-eabi/lib/thumb/v6-m/libcr_semihost_nf.a(__sys_remove.o)
                0x0000000000002dc4                __sys_remove
 .text.__sys_seek
                0x0000000000002dd0        0xc /usr/local/mcuxpressoide-10.2.0_759/ide/tools/bin/../lib/gcc/arm-none-eabi/7.2.1/../../../../arm-none-eabi/lib/thumb/v6-m/libcr_semihost_nf.a(__sys_seek.o)
                0x0000000000002dd0                __sys_seek
 .text.__sys_tmpnam
                0x0000000000002ddc        0xc /usr/local/mcuxpressoide-10.2.0_759/ide/tools/bin/../lib/gcc/arm-none-eabi/7.2.1/../../../../arm-none-eabi/lib/thumb/v6-m/libcr_semihost_nf.a(__sys_tmpnam.o)
                0x0000000000002ddc                __sys_tmpnam
 .text.__sys_write
                0x0000000000002de8        0xc /usr/local/mcuxpressoide-10.2.0_759/ide/tools/bin/../lib/gcc/arm-none-eabi/7.2.1/../../../../arm-none-eabi/lib/thumb/v6-m/libcr_semihost_nf.a(__sys_write.o)
                0x0000000000002de8                __sys_write
 *(SORT_BY_ALIGNMENT(.rodata) SORT_BY_ALIGNMENT(.rodata.*) SORT_BY_ALIGNMENT(.constdata) SORT_BY_ALIGNMENT(.constdata.*))
 .rodata        0x0000000000002df4        0xd ./source/ArqSwAutomotriz_HMI.o
 *fill*         0x0000000000002e01        0x3 ff
 .rodata        0x0000000000002e04       0xd9 ./drivers/fsl_clock.o
 *fill*         0x0000000000002edd        0x3 ff
 .rodata.s_lpuartBases
                0x0000000000002ee0        0x8 ./drivers/fsl_lpuart.o
 .rodata.s_lpuartClock
                0x0000000000002ee8        0x8 ./drivers/fsl_lpuart.o
 .rodata        0x0000000000002ef0      0x596 ./drivers/fsl_lpuart.o
 *fill*         0x0000000000003486        0x2 ff
 .rodata.simConfig_BOARD_BootClockRUN
                0x0000000000003488        0x8 ./board/clock_config.o
                0x0000000000003488                simConfig_BOARD_BootClockRUN
 .rodata.__num_Ciob_streams
                0x0000000000003490        0x4 /usr/local/mcuxpressoide-10.2.0_759/ide/tools/bin/../lib/gcc/arm-none-eabi/7.2.1/../../../../arm-none-eabi/lib/thumb/v6-m/libcr_semihost_nf.a(__ciob.o)
                0x0000000000003490                __num_Ciob_streams
 .rodata.__assertion_failed.str1.1
                0x0000000000003494       0x15 /usr/local/mcuxpressoide-10.2.0_759/ide/tools/bin/../lib/gcc/arm-none-eabi/7.2.1/../../../../arm-none-eabi/lib/thumb/v6-m/libcr_semihost_nf.a(_cr_assert.o)
 .rodata._Csys_alloc.str1.1
                0x00000000000034a9       0x18 /usr/local/mcuxpressoide-10.2.0_759/ide/tools/bin/../lib/gcc/arm-none-eabi/7.2.1/../../../../arm-none-eabi/lib/thumb/v6-m/libcr_c.a(alloc.o)
 .rodata._initio.str1.1
                0x00000000000034c1        0x4 /usr/local/mcuxpressoide-10.2.0_759/ide/tools/bin/../lib/gcc/arm-none-eabi/7.2.1/../../../../arm-none-eabi/lib/thumb/v6-m/libcr_c.a(initio.o)
 .rodata.__vfprintf.str1.1
                0x00000000000034c5       0x35 /usr/local/mcuxpressoide-10.2.0_759/ide/tools/bin/../lib/gcc/arm-none-eabi/7.2.1/../../../../arm-none-eabi/lib/thumb/v6-m/libcr_c.a(printf.o)
                                         0x38 (size before relaxing)
                0x00000000000034fc                . = ALIGN (0x4)
 *fill*         0x00000000000034fa        0x2 ff

.glue_7         0x00000000000034fc        0x0
 .glue_7        0x00000000000034fc        0x0 linker stubs

.glue_7t        0x00000000000034fc        0x0
 .glue_7t       0x00000000000034fc        0x0 linker stubs

.vfp11_veneer   0x00000000000034fc        0x0
 .vfp11_veneer  0x00000000000034fc        0x0 linker stubs

.v4_bx          0x00000000000034fc        0x0
 .v4_bx         0x00000000000034fc        0x0 linker stubs

.iplt           0x00000000000034fc        0x0
 .iplt          0x00000000000034fc        0x0 ./utilities/fsl_debug_console.o

.rel.dyn        0x00000000000034fc        0x0
 .rel.iplt      0x00000000000034fc        0x0 ./utilities/fsl_debug_console.o

.ARM.extab
 *(SORT_BY_ALIGNMENT(.ARM.extab*) SORT_BY_ALIGNMENT(.gnu.linkonce.armextab.*))
                0x00000000000034fc                __exidx_start = .

.ARM.exidx
 *(SORT_BY_ALIGNMENT(.ARM.exidx*) SORT_BY_ALIGNMENT(.gnu.linkonce.armexidx.*))
                0x00000000000034fc                __exidx_end = .
                0x00000000000034fc                _etext = .

.mtb_buffer_RAM2
 *(SORT_BY_ALIGNMENT(.mtb.$RAM2*))
 *(SORT_BY_ALIGNMENT(.mtb.$FLEX_RAM*))

.data_RAM2      0x0000000014000000        0x0 load address 0x00000000000034fc
 FILL mask 0xff
                [!provide]                        PROVIDE (__start_data_RAM2, .)
 *(SORT_BY_ALIGNMENT(.ramfunc.$RAM2))
 *(SORT_BY_ALIGNMENT(.ramfunc.$FLEX_RAM))
 *(SORT_BY_ALIGNMENT(.data.$RAM2*))
 *(SORT_BY_ALIGNMENT(.data.$FLEX_RAM*))
                0x0000000014000000                . = ALIGN (0x4)
                [!provide]                        PROVIDE (__end_data_RAM2, .)

.mtb_buffer_default
                0x000000001fffc000       0x80
 *(SORT_BY_ALIGNMENT(.mtb*))
 .mtb.$RAM1     0x000000001fffc000       0x80 ./source/mtb.o
                0x000000001fffc000                __mtb_buffer__

.uninit_RESERVED
                0x000000001fffc080        0x0
 *(SORT_BY_ALIGNMENT(.bss.$RESERVED*))
                0x000000001fffc080                . = ALIGN (0x4)
                0x000000001fffc080                _end_uninit_RESERVED = .

.data           0x000000001fffc080        0x4 load address 0x00000000000034fc
 FILL mask 0xff
                0x000000001fffc080                _data = .
 *(SORT_BY_ALIGNMENT(vtable))
 *(SORT_BY_ALIGNMENT(.ramfunc*))
 *(SORT_BY_ALIGNMENT(.data*))
 .data.SystemCoreClock
                0x000000001fffc080        0x4 ./CMSIS/system_MKW36Z4.o
                0x000000001fffc080                SystemCoreClock
                0x000000001fffc084                . = ALIGN (0x4)
                0x000000001fffc084                _edata = .

.igot.plt       0x000000001fffc084        0x0 load address 0x0000000000003500
 .igot.plt      0x000000001fffc084        0x0 ./utilities/fsl_debug_console.o

.bss_RAM2       0x0000000014000000        0x0
                [!provide]                        PROVIDE (__start_bss_RAM2, .)
 *(SORT_BY_ALIGNMENT(.bss.$RAM2*))
 *(SORT_BY_ALIGNMENT(.bss.$FLEX_RAM*))
                0x0000000014000000                . = ALIGN ((. != 0x0)?0x4:0x1)
                [!provide]                        PROVIDE (__end_bss_RAM2, .)

.bss            0x000000001fffc084      0x170
                0x000000001fffc084                _bss = .
 *(SORT_BY_ALIGNMENT(.bss*))
 .bss.s_debugConsole
                0x000000001fffc084       0x10 ./utilities/fsl_debug_console.o
 .bss.i.5757    0x000000001fffc094        0x4 ./source/ArqSwAutomotriz_HMI.o
 .bss.pxCurrentTCB
                0x000000001fffc098        0x4 ./freertos/tasks.o
                0x000000001fffc098                pxCurrentTCB
 .bss.pxReadyTasksLists
                0x000000001fffc09c       0x64 ./freertos/tasks.o
 .bss.pxDelayedTaskList
                0x000000001fffc100        0x4 ./freertos/tasks.o
 .bss.pxOverflowDelayedTaskList
                0x000000001fffc104        0x4 ./freertos/tasks.o
 .bss.xTickCount
                0x000000001fffc108        0x4 ./freertos/tasks.o
 .bss.uxTopReadyPriority
                0x000000001fffc10c        0x4 ./freertos/tasks.o
 .bss.uxPendedTicks
                0x000000001fffc110        0x4 ./freertos/tasks.o
 .bss.xYieldPending
                0x000000001fffc114        0x4 ./freertos/tasks.o
 .bss.xNumOfOverflows
                0x000000001fffc118        0x4 ./freertos/tasks.o
 .bss.xNextTaskUnblockTime
                0x000000001fffc11c        0x4 ./freertos/tasks.o
 .bss.uxSchedulerSuspended
                0x000000001fffc120        0x4 ./freertos/tasks.o
 .bss.g_xtal0Freq
                0x000000001fffc124        0x4 ./drivers/fsl_clock.o
                0x000000001fffc124                g_xtal0Freq
 .bss.s_lpuartHandle
                0x000000001fffc128        0x8 ./drivers/fsl_lpuart.o
 .bss.s_lpuartIsr
                0x000000001fffc130        0x4 ./drivers/fsl_lpuart.o
 .bss.__Ciob    0x000000001fffc134       0xb4 /usr/local/mcuxpressoide-10.2.0_759/ide/tools/bin/../lib/gcc/arm-none-eabi/7.2.1/../../../../arm-none-eabi/lib/thumb/v6-m/libcr_semihost_nf.a(__ciob.o)
                0x000000001fffc134                __Ciob
 .bss.__end_of_heap
                0x000000001fffc1e8        0x4 /usr/local/mcuxpressoide-10.2.0_759/ide/tools/bin/../lib/gcc/arm-none-eabi/7.2.1/../../../../arm-none-eabi/lib/thumb/v6-m/libcr_c.a(__init_alloc.o)
                0x000000001fffc1e8                __end_of_heap
 .bss.__heaps   0x000000001fffc1ec        0x4 /usr/local/mcuxpressoide-10.2.0_759/ide/tools/bin/../lib/gcc/arm-none-eabi/7.2.1/../../../../arm-none-eabi/lib/thumb/v6-m/libcr_c.a(__init_alloc.o)
                0x000000001fffc1ec                __heaps
 .bss.errno     0x000000001fffc1f0        0x4 /usr/local/mcuxpressoide-10.2.0_759/ide/tools/bin/../lib/gcc/arm-none-eabi/7.2.1/../../../../arm-none-eabi/lib/thumb/v6-m/libcr_c.a(errno.o)
                0x000000001fffc1f0                errno
 *(SORT_BY_ALIGNMENT(COMMON))
                0x000000001fffc1f4                . = ALIGN (0x4)
                0x000000001fffc1f4                _ebss = .
                [!provide]                        PROVIDE (end, .)

.noinit_RAM2    0x0000000014000000        0x0
 *(SORT_BY_ALIGNMENT(.noinit.$RAM2*))
 *(SORT_BY_ALIGNMENT(.noinit.$FLEX_RAM*))
                0x0000000014000000                . = ALIGN (0x4)

.noinit         0x000000001fffc1f4        0x0
                0x000000001fffc1f4                _noinit = .
 *(SORT_BY_ALIGNMENT(.noinit*))
                0x000000001fffc1f4                . = ALIGN (0x4)
                0x000000001fffc1f4                _end_noinit = .
                0x0000000000001000                _HeapSize = 0x1000

.heap           0x000000001fffc1f4     0x1000
                0x000000001fffc1f4                _pvHeapStart = .
                0x000000001fffd1f4                . = (. + _HeapSize)
 *fill*         0x000000001fffc1f4     0x1000 
                0x000000001fffd1f4                . = ALIGN (0x4)
                0x000000001fffd1f4                _pvHeapLimit = .
                0x0000000000001000                _StackSize = 0x1000

.heap2stackfill
                0x000000001fffd1f4     0x1000
                0x000000001fffe1f4                . = (. + _StackSize)
 *fill*         0x000000001fffd1f4     0x1000 

.stack          0x000000002000b000        0x0
                0x000000002000b000                _vStackBase = .
                0x000000002000b000                . = ALIGN (0x4)
                0x000000002000c000                _vStackTop = (. + _StackSize)
                0x0000000000000000                _image_start = LOADADDR (.text)
                0x0000000000003500                _image_end = (LOADADDR (.data) + SIZEOF (.data))
                0x0000000000003500                _image_size = (_image_end - _image_start)
OUTPUT(ArqSwAutomotriz_HMI.axf elf32-littlearm)

.debug_info     0x0000000000000000     0x7581
 .debug_info    0x0000000000000000      0x796 ./utilities/fsl_debug_console.o
 .debug_info    0x0000000000000796      0x48f ./startup/startup_mkw36z4.o
 .debug_info    0x0000000000000c25      0x499 ./source/ArqSwAutomotriz_HMI.o
 .debug_info    0x00000000000010be       0x52 ./source/mtb.o
 .debug_info    0x0000000000001110       0x3b ./source/semihost_hardfault.o
 .debug_info    0x000000000000114b      0x2c4 ./freertos/list.o
 .debug_info    0x000000000000140f      0x25e ./freertos/port.o
 .debug_info    0x000000000000166d     0x1768 ./freertos/tasks.o
 .debug_info    0x0000000000002dd5     0x1388 ./drivers/fsl_clock.o
 .debug_info    0x000000000000415d     0x14f3 ./drivers/fsl_lpuart.o
 .debug_info    0x0000000000005650      0x70f ./board/board.o
 .debug_info    0x0000000000005d5f      0xe4e ./board/clock_config.o
 .debug_info    0x0000000000006bad       0x3b ./board/peripherals.o
 .debug_info    0x0000000000006be8      0x5c1 ./board/pin_mux.o
 .debug_info    0x00000000000071a9      0x3d8 ./CMSIS/system_MKW36Z4.o

.debug_abbrev   0x0000000000000000     0x1731
 .debug_abbrev  0x0000000000000000      0x1e8 ./utilities/fsl_debug_console.o
 .debug_abbrev  0x00000000000001e8      0x189 ./startup/startup_mkw36z4.o
 .debug_abbrev  0x0000000000000371      0x12e ./source/ArqSwAutomotriz_HMI.o
 .debug_abbrev  0x000000000000049f       0x44 ./source/mtb.o
 .debug_abbrev  0x00000000000004e3       0x2f ./source/semihost_hardfault.o
 .debug_abbrev  0x0000000000000512      0x112 ./freertos/list.o
 .debug_abbrev  0x0000000000000624      0x195 ./freertos/port.o
 .debug_abbrev  0x00000000000007b9      0x291 ./freertos/tasks.o
 .debug_abbrev  0x0000000000000a4a      0x317 ./drivers/fsl_clock.o
 .debug_abbrev  0x0000000000000d61      0x2f2 ./drivers/fsl_lpuart.o
 .debug_abbrev  0x0000000000001053      0x185 ./board/board.o
 .debug_abbrev  0x00000000000011d8      0x255 ./board/clock_config.o
 .debug_abbrev  0x000000000000142d       0x2f ./board/peripherals.o
 .debug_abbrev  0x000000000000145c      0x199 ./board/pin_mux.o
 .debug_abbrev  0x00000000000015f5      0x13c ./CMSIS/system_MKW36Z4.o

.debug_aranges  0x0000000000000000      0x830
 .debug_aranges
                0x0000000000000000       0x38 ./utilities/fsl_debug_console.o
 .debug_aranges
                0x0000000000000038      0x160 ./startup/startup_mkw36z4.o
 .debug_aranges
                0x0000000000000198       0x20 ./source/ArqSwAutomotriz_HMI.o
 .debug_aranges
                0x00000000000001b8       0x18 ./source/mtb.o
 .debug_aranges
                0x00000000000001d0       0x20 ./source/semihost_hardfault.o
 .debug_aranges
                0x00000000000001f0       0x40 ./freertos/list.o
 .debug_aranges
                0x0000000000000230       0x80 ./freertos/port.o
 .debug_aranges
                0x00000000000002b0      0x1e8 ./freertos/tasks.o
 .debug_aranges
                0x0000000000000498      0x168 ./drivers/fsl_clock.o
 .debug_aranges
                0x0000000000000600      0x120 ./drivers/fsl_lpuart.o
 .debug_aranges
                0x0000000000000720       0x28 ./board/board.o
 .debug_aranges
                0x0000000000000748       0x68 ./board/clock_config.o
 .debug_aranges
                0x00000000000007b0       0x20 ./board/peripherals.o
 .debug_aranges
                0x00000000000007d0       0x38 ./board/pin_mux.o
 .debug_aranges
                0x0000000000000808       0x28 ./CMSIS/system_MKW36Z4.o

.debug_ranges   0x0000000000000000      0x738
 .debug_ranges  0x0000000000000000       0x28 ./utilities/fsl_debug_console.o
 .debug_ranges  0x0000000000000028      0x150 ./startup/startup_mkw36z4.o
 .debug_ranges  0x0000000000000178       0x10 ./source/ArqSwAutomotriz_HMI.o
 .debug_ranges  0x0000000000000188       0x10 ./source/semihost_hardfault.o
 .debug_ranges  0x0000000000000198       0x30 ./freertos/list.o
 .debug_ranges  0x00000000000001c8       0x70 ./freertos/port.o
 .debug_ranges  0x0000000000000238      0x1d8 ./freertos/tasks.o
 .debug_ranges  0x0000000000000410      0x158 ./drivers/fsl_clock.o
 .debug_ranges  0x0000000000000568      0x110 ./drivers/fsl_lpuart.o
 .debug_ranges  0x0000000000000678       0x18 ./board/board.o
 .debug_ranges  0x0000000000000690       0x58 ./board/clock_config.o
 .debug_ranges  0x00000000000006e8       0x10 ./board/peripherals.o
 .debug_ranges  0x00000000000006f8       0x28 ./board/pin_mux.o
 .debug_ranges  0x0000000000000720       0x18 ./CMSIS/system_MKW36Z4.o

.debug_macro    0x0000000000000000    0x12299
 .debug_macro   0x0000000000000000      0x131 ./utilities/fsl_debug_console.o
 .debug_macro   0x0000000000000131      0xa8a ./utilities/fsl_debug_console.o
 .debug_macro   0x0000000000000bbb       0x10 ./utilities/fsl_debug_console.o
 .debug_macro   0x0000000000000bcb       0x16 ./utilities/fsl_debug_console.o
 .debug_macro   0x0000000000000be1       0x10 ./utilities/fsl_debug_console.o
 .debug_macro   0x0000000000000bf1      0x12d ./utilities/fsl_debug_console.o
 .debug_macro   0x0000000000000d1e       0x28 ./utilities/fsl_debug_console.o
 .debug_macro   0x0000000000000d46       0xc4 ./utilities/fsl_debug_console.o
 .debug_macro   0x0000000000000e0a       0x16 ./utilities/fsl_debug_console.o
 .debug_macro   0x0000000000000e20       0x22 ./utilities/fsl_debug_console.o
 .debug_macro   0x0000000000000e42      0x5b2 ./utilities/fsl_debug_console.o
 .debug_macro   0x00000000000013f4       0x10 ./utilities/fsl_debug_console.o
 .debug_macro   0x0000000000001404       0x3f ./utilities/fsl_debug_console.o
 .debug_macro   0x0000000000001443       0x3a ./utilities/fsl_debug_console.o
 .debug_macro   0x000000000000147d       0x26 ./utilities/fsl_debug_console.o
 .debug_macro   0x00000000000014a3      0x329 ./utilities/fsl_debug_console.o
 .debug_macro   0x00000000000017cc       0x3a ./utilities/fsl_debug_console.o
 .debug_macro   0x0000000000001806     0xe29c ./utilities/fsl_debug_console.o
 .debug_macro   0x000000000000faa2     0x16fd ./utilities/fsl_debug_console.o
 .debug_macro   0x000000000001119f       0x40 ./utilities/fsl_debug_console.o
 .debug_macro   0x00000000000111df       0xf6 ./utilities/fsl_debug_console.o
 .debug_macro   0x00000000000112d5       0x51 ./utilities/fsl_debug_console.o
 .debug_macro   0x0000000000011326       0xd2 ./utilities/fsl_debug_console.o
 .debug_macro   0x00000000000113f8       0x2e ./utilities/fsl_debug_console.o
 .debug_macro   0x0000000000011426       0x10 ./utilities/fsl_debug_console.o
 .debug_macro   0x0000000000011436       0x29 ./startup/startup_mkw36z4.o
 .debug_macro   0x000000000001145f      0x13b ./source/ArqSwAutomotriz_HMI.o
 .debug_macro   0x000000000001159a       0xd8 ./source/ArqSwAutomotriz_HMI.o
 .debug_macro   0x0000000000011672       0x16 ./source/ArqSwAutomotriz_HMI.o
 .debug_macro   0x0000000000011688       0x10 ./source/ArqSwAutomotriz_HMI.o
 .debug_macro   0x0000000000011698      0x124 ./source/ArqSwAutomotriz_HMI.o
 .debug_macro   0x00000000000117bc       0x34 ./source/ArqSwAutomotriz_HMI.o
 .debug_macro   0x00000000000117f0       0x2f ./source/mtb.o
 .debug_macro   0x000000000001181f       0x82 ./source/mtb.o
 .debug_macro   0x00000000000118a1       0x10 ./source/mtb.o
 .debug_macro   0x00000000000118b1       0x11 ./source/semihost_hardfault.o
 .debug_macro   0x00000000000118c2       0xb9 ./freertos/list.o
 .debug_macro   0x000000000001197b       0xcf ./freertos/port.o
 .debug_macro   0x0000000000011a4a      0x182 ./freertos/tasks.o
 .debug_macro   0x0000000000011bcc       0x11 ./freertos/tasks.o
 .debug_macro   0x0000000000011bdd      0x1a2 ./drivers/fsl_clock.o
 .debug_macro   0x0000000000011d7f       0x1c ./drivers/fsl_clock.o
 .debug_macro   0x0000000000011d9b       0xec ./drivers/fsl_lpuart.o
 .debug_macro   0x0000000000011e87      0x125 ./board/board.o
 .debug_macro   0x0000000000011fac       0x1c ./board/board.o
 .debug_macro   0x0000000000011fc8      0x105 ./board/clock_config.o
 .debug_macro   0x00000000000120cd       0x1b ./board/peripherals.o
 .debug_macro   0x00000000000120e8      0x10d ./board/pin_mux.o
 .debug_macro   0x00000000000121f5       0x10 ./board/pin_mux.o
 .debug_macro   0x0000000000012205       0x94 ./CMSIS/system_MKW36Z4.o

.debug_line     0x0000000000000000     0x3267
 .debug_line    0x0000000000000000      0x2b4 ./utilities/fsl_debug_console.o
 .debug_line    0x00000000000002b4      0x128 ./startup/startup_mkw36z4.o
 .debug_line    0x00000000000003dc      0x287 ./source/ArqSwAutomotriz_HMI.o
 .debug_line    0x0000000000000663       0x99 ./source/mtb.o
 .debug_line    0x00000000000006fc       0x54 ./source/semihost_hardfault.o
 .debug_line    0x0000000000000750      0x220 ./freertos/list.o
 .debug_line    0x0000000000000970      0x2d7 ./freertos/port.o
 .debug_line    0x0000000000000c47      0xce9 ./freertos/tasks.o
 .debug_line    0x0000000000001930      0x764 ./drivers/fsl_clock.o
 .debug_line    0x0000000000002094      0x7da ./drivers/fsl_lpuart.o
 .debug_line    0x000000000000286e      0x261 ./board/board.o
 .debug_line    0x0000000000002acf      0x2fb ./board/clock_config.o
 .debug_line    0x0000000000002dca       0x58 ./board/peripherals.o
 .debug_line    0x0000000000002e22      0x24e ./board/pin_mux.o
 .debug_line    0x0000000000003070      0x1f7 ./CMSIS/system_MKW36Z4.o

.debug_str      0x0000000000000000    0x9fd81
 .debug_str     0x0000000000000000    0x96850 ./utilities/fsl_debug_console.o
                                      0x96abd (size before relaxing)
 .debug_str     0x0000000000096850      0x3e4 ./startup/startup_mkw36z4.o
                                       0x3149 (size before relaxing)
 .debug_str     0x0000000000096c34      0xd9a ./source/ArqSwAutomotriz_HMI.o
                                      0x96999 (size before relaxing)
 .debug_str     0x00000000000979ce      0x532 ./source/mtb.o
                                       0x3245 (size before relaxing)
 .debug_str     0x0000000000097f00       0x1f ./source/semihost_hardfault.o
                                       0x2d32 (size before relaxing)
 .debug_str     0x0000000000097f1f     0x2e81 ./freertos/list.o
                                       0x7342 (size before relaxing)
 .debug_str     0x000000000009ada0      0xbd2 ./freertos/port.o
                                       0x7dcb (size before relaxing)
 .debug_str     0x000000000009b972     0x1b96 ./freertos/tasks.o
                                       0x950f (size before relaxing)
 .debug_str     0x000000000009d508     0x10e5 ./drivers/fsl_clock.o
                                      0x9712e (size before relaxing)
 .debug_str     0x000000000009e5ed      0xeda ./drivers/fsl_lpuart.o
                                      0x96ec3 (size before relaxing)
 .debug_str     0x000000000009f4c7       0x4d ./board/board.o
                                      0x96aa7 (size before relaxing)
 .debug_str     0x000000000009f514      0x5bd ./board/clock_config.o
                                      0x96784 (size before relaxing)
 .debug_str     0x000000000009fad1       0x31 ./board/peripherals.o
                                       0x2d43 (size before relaxing)
 .debug_str     0x000000000009fb02      0x230 ./board/pin_mux.o
                                      0x95ce5 (size before relaxing)
 .debug_str     0x000000000009fd32       0x4f ./CMSIS/system_MKW36Z4.o
                                      0x94df9 (size before relaxing)

.comment        0x0000000000000000       0x7e
 .comment       0x0000000000000000       0x7e ./utilities/fsl_debug_console.o
                                         0x7f (size before relaxing)
 .comment       0x000000000000007e       0x7f ./startup/startup_mkw36z4.o
 .comment       0x000000000000007e       0x7f ./source/ArqSwAutomotriz_HMI.o
 .comment       0x000000000000007e       0x7f ./source/mtb.o
 .comment       0x000000000000007e       0x7f ./source/semihost_hardfault.o
 .comment       0x000000000000007e       0x7f ./freertos/list.o
 .comment       0x000000000000007e       0x7f ./freertos/port.o
 .comment       0x000000000000007e       0x7f ./freertos/tasks.o
 .comment       0x000000000000007e       0x7f ./drivers/fsl_clock.o
 .comment       0x000000000000007e       0x7f ./drivers/fsl_lpuart.o
 .comment       0x000000000000007e       0x7f ./board/board.o
 .comment       0x000000000000007e       0x7f ./board/clock_config.o
 .comment       0x000000000000007e       0x7f ./board/peripherals.o
 .comment       0x000000000000007e       0x7f ./board/pin_mux.o
 .comment       0x000000000000007e       0x7f ./CMSIS/system_MKW36Z4.o
 .comment       0x000000000000007e       0x7f /usr/local/mcuxpressoide-10.2.0_759/ide/tools/bin/../lib/gcc/arm-none-eabi/7.2.1/../../../../arm-none-eabi/lib/thumb/v6-m/libcr_semihost_nf.a(_cr__main.o)
 .comment       0x000000000000007e       0x7f /usr/local/mcuxpressoide-10.2.0_759/ide/tools/bin/../lib/gcc/arm-none-eabi/7.2.1/../../../../arm-none-eabi/lib/thumb/v6-m/libcr_semihost_nf.a(_cr_assert.o)
 .comment       0x000000000000007e       0x7f /usr/local/mcuxpressoide-10.2.0_759/ide/tools/bin/../lib/gcc/arm-none-eabi/7.2.1/../../../../arm-none-eabi/lib/thumb/v6-m/libcr_semihost_nf.a(__ciob.o)
 .comment       0x000000000000007e       0x7f /usr/local/mcuxpressoide-10.2.0_759/ide/tools/bin/../lib/gcc/arm-none-eabi/7.2.1/../../../../arm-none-eabi/lib/thumb/v6-m/libcr_c.a(memset.o)
 .comment       0x000000000000007e       0x7f /usr/local/mcuxpressoide-10.2.0_759/ide/tools/bin/../lib/gcc/arm-none-eabi/7.2.1/../../../../arm-none-eabi/lib/thumb/v6-m/libcr_c.a(_deferredlazyseek.o)
 .comment       0x000000000000007e       0x7f /usr/local/mcuxpressoide-10.2.0_759/ide/tools/bin/../lib/gcc/arm-none-eabi/7.2.1/../../../../arm-none-eabi/lib/thumb/v6-m/libcr_c.a(_fflush.o)
 .comment       0x000000000000007e       0x7f /usr/local/mcuxpressoide-10.2.0_759/ide/tools/bin/../lib/gcc/arm-none-eabi/7.2.1/../../../../arm-none-eabi/lib/thumb/v6-m/libcr_c.a(_writebuf.o)
 .comment       0x000000000000007e       0x7f /usr/local/mcuxpressoide-10.2.0_759/ide/tools/bin/../lib/gcc/arm-none-eabi/7.2.1/../../../../arm-none-eabi/lib/thumb/v6-m/libcr_c.a(alloc.o)
 .comment       0x000000000000007e       0x7f /usr/local/mcuxpressoide-10.2.0_759/ide/tools/bin/../lib/gcc/arm-none-eabi/7.2.1/../../../../arm-none-eabi/lib/thumb/v6-m/libcr_c.a(fputs.o)
 .comment       0x000000000000007e       0x7f /usr/local/mcuxpressoide-10.2.0_759/ide/tools/bin/../lib/gcc/arm-none-eabi/7.2.1/../../../../arm-none-eabi/lib/thumb/v6-m/libcr_c.a(fseek.o)
 .comment       0x000000000000007e       0x7f /usr/local/mcuxpressoide-10.2.0_759/ide/tools/bin/../lib/gcc/arm-none-eabi/7.2.1/../../../../arm-none-eabi/lib/thumb/v6-m/libcr_c.a(ftell.o)
 .comment       0x000000000000007e       0x7f /usr/local/mcuxpressoide-10.2.0_759/ide/tools/bin/../lib/gcc/arm-none-eabi/7.2.1/../../../../arm-none-eabi/lib/thumb/v6-m/libcr_c.a(initio.o)
 .comment       0x000000000000007e       0x7f /usr/local/mcuxpressoide-10.2.0_759/ide/tools/bin/../lib/gcc/arm-none-eabi/7.2.1/../../../../arm-none-eabi/lib/thumb/v6-m/libcr_c.a(printf.o)
 .comment       0x000000000000007e       0x7f /usr/local/mcuxpressoide-10.2.0_759/ide/tools/bin/../lib/gcc/arm-none-eabi/7.2.1/../../../../arm-none-eabi/lib/thumb/v6-m/libcr_c.a(setvbuf.o)
 .comment       0x000000000000007e       0x7f /usr/local/mcuxpressoide-10.2.0_759/ide/tools/bin/../lib/gcc/arm-none-eabi/7.2.1/../../../../arm-none-eabi/lib/thumb/v6-m/libcr_c.a(strlen.o)
 .comment       0x000000000000007e       0x7f /usr/local/mcuxpressoide-10.2.0_759/ide/tools/bin/../lib/gcc/arm-none-eabi/7.2.1/../../../../arm-none-eabi/lib/thumb/v6-m/libcr_c.a(__init_alloc.o)
 .comment       0x000000000000007e       0x7f /usr/local/mcuxpressoide-10.2.0_759/ide/tools/bin/../lib/gcc/arm-none-eabi/7.2.1/../../../../arm-none-eabi/lib/thumb/v6-m/libcr_c.a(_cr_sbrk.o)
 .comment       0x000000000000007e       0x7f /usr/local/mcuxpressoide-10.2.0_759/ide/tools/bin/../lib/gcc/arm-none-eabi/7.2.1/../../../../arm-none-eabi/lib/thumb/v6-m/libcr_c.a(_fdopen.o)
 .comment       0x000000000000007e       0x7f /usr/local/mcuxpressoide-10.2.0_759/ide/tools/bin/../lib/gcc/arm-none-eabi/7.2.1/../../../../arm-none-eabi/lib/thumb/v6-m/libcr_c.a(errno.o)
 .comment       0x000000000000007e       0x7f /usr/local/mcuxpressoide-10.2.0_759/ide/tools/bin/../lib/gcc/arm-none-eabi/7.2.1/../../../../arm-none-eabi/lib/thumb/v6-m/libcr_c.a(fclose.o)
 .comment       0x000000000000007e       0x7f /usr/local/mcuxpressoide-10.2.0_759/ide/tools/bin/../lib/gcc/arm-none-eabi/7.2.1/../../../../arm-none-eabi/lib/thumb/v6-m/libcr_c.a(fflush.o)
 .comment       0x000000000000007e       0x7f /usr/local/mcuxpressoide-10.2.0_759/ide/tools/bin/../lib/gcc/arm-none-eabi/7.2.1/../../../../arm-none-eabi/lib/thumb/v6-m/libcr_c.a(remove.o)
 .comment       0x000000000000007e       0x7f /usr/local/mcuxpressoide-10.2.0_759/ide/tools/bin/../lib/gcc/arm-none-eabi/7.2.1/../../../../arm-none-eabi/lib/thumb/v6-m/libcr_c.a(_cr_check_heap.o)
 .comment       0x000000000000007e       0x7f /usr/local/mcuxpressoide-10.2.0_759/ide/tools/bin/../lib/gcc/arm-none-eabi/7.2.1/../../../../arm-none-eabi/lib/thumb/v6-m/libcr_c.a(_do_fflush.o)

.ARM.attributes
                0x0000000000000000       0x30
 .ARM.attributes
                0x0000000000000000       0x32 ./utilities/fsl_debug_console.o
 .ARM.attributes
                0x0000000000000032       0x32 ./startup/startup_mkw36z4.o
 .ARM.attributes
                0x0000000000000064       0x32 ./source/ArqSwAutomotriz_HMI.o
 .ARM.attributes
                0x0000000000000096       0x32 ./source/mtb.o
 .ARM.attributes
                0x00000000000000c8       0x32 ./source/semihost_hardfault.o
 .ARM.attributes
                0x00000000000000fa       0x32 ./freertos/list.o
 .ARM.attributes
                0x000000000000012c       0x32 ./freertos/port.o
 .ARM.attributes
                0x000000000000015e       0x32 ./freertos/tasks.o
 .ARM.attributes
                0x0000000000000190       0x32 ./drivers/fsl_clock.o
 .ARM.attributes
                0x00000000000001c2       0x32 ./drivers/fsl_lpuart.o
 .ARM.attributes
                0x00000000000001f4       0x32 ./board/board.o
 .ARM.attributes
                0x0000000000000226       0x32 ./board/clock_config.o
 .ARM.attributes
                0x0000000000000258       0x32 ./board/peripherals.o
 .ARM.attributes
                0x000000000000028a       0x32 ./board/pin_mux.o
 .ARM.attributes
                0x00000000000002bc       0x32 ./CMSIS/system_MKW36Z4.o
 .ARM.attributes
                0x00000000000002ee       0x31 /usr/local/mcuxpressoide-10.2.0_759/ide/tools/bin/../lib/gcc/arm-none-eabi/7.2.1/../../../../arm-none-eabi/lib/thumb/v6-m/libcr_semihost_nf.a(_cr__main.o)
 .ARM.attributes
                0x000000000000031f       0x31 /usr/local/mcuxpressoide-10.2.0_759/ide/tools/bin/../lib/gcc/arm-none-eabi/7.2.1/../../../../arm-none-eabi/lib/thumb/v6-m/libcr_semihost_nf.a(_cr_assert.o)
 .ARM.attributes
                0x0000000000000350       0x31 /usr/local/mcuxpressoide-10.2.0_759/ide/tools/bin/../lib/gcc/arm-none-eabi/7.2.1/../../../../arm-none-eabi/lib/thumb/v6-m/libcr_semihost_nf.a(__ciob.o)
 .ARM.attributes
                0x0000000000000381       0x21 /usr/local/mcuxpressoide-10.2.0_759/ide/tools/bin/../lib/gcc/arm-none-eabi/7.2.1/../../../../arm-none-eabi/lib/thumb/v6-m/libcr_semihost_nf.a(__sys_appexit.o)
 .ARM.attributes
                0x00000000000003a2       0x31 /usr/local/mcuxpressoide-10.2.0_759/ide/tools/bin/../lib/gcc/arm-none-eabi/7.2.1/../../../../arm-none-eabi/lib/thumb/v6-m/libcr_c.a(memset.o)
 .ARM.attributes
                0x00000000000003d3       0x31 /usr/local/mcuxpressoide-10.2.0_759/ide/tools/bin/../lib/gcc/arm-none-eabi/7.2.1/../../../../arm-none-eabi/lib/thumb/v6-m/libcr_c.a(_deferredlazyseek.o)
 .ARM.attributes
                0x0000000000000404       0x31 /usr/local/mcuxpressoide-10.2.0_759/ide/tools/bin/../lib/gcc/arm-none-eabi/7.2.1/../../../../arm-none-eabi/lib/thumb/v6-m/libcr_c.a(_fflush.o)
 .ARM.attributes
                0x0000000000000435       0x31 /usr/local/mcuxpressoide-10.2.0_759/ide/tools/bin/../lib/gcc/arm-none-eabi/7.2.1/../../../../arm-none-eabi/lib/thumb/v6-m/libcr_c.a(_writebuf.o)
 .ARM.attributes
                0x0000000000000466       0x31 /usr/local/mcuxpressoide-10.2.0_759/ide/tools/bin/../lib/gcc/arm-none-eabi/7.2.1/../../../../arm-none-eabi/lib/thumb/v6-m/libcr_c.a(alloc.o)
 .ARM.attributes
                0x0000000000000497       0x31 /usr/local/mcuxpressoide-10.2.0_759/ide/tools/bin/../lib/gcc/arm-none-eabi/7.2.1/../../../../arm-none-eabi/lib/thumb/v6-m/libcr_c.a(fputs.o)
 .ARM.attributes
                0x00000000000004c8       0x31 /usr/local/mcuxpressoide-10.2.0_759/ide/tools/bin/../lib/gcc/arm-none-eabi/7.2.1/../../../../arm-none-eabi/lib/thumb/v6-m/libcr_c.a(fseek.o)
 .ARM.attributes
                0x00000000000004f9       0x31 /usr/local/mcuxpressoide-10.2.0_759/ide/tools/bin/../lib/gcc/arm-none-eabi/7.2.1/../../../../arm-none-eabi/lib/thumb/v6-m/libcr_c.a(ftell.o)
 .ARM.attributes
                0x000000000000052a       0x31 /usr/local/mcuxpressoide-10.2.0_759/ide/tools/bin/../lib/gcc/arm-none-eabi/7.2.1/../../../../arm-none-eabi/lib/thumb/v6-m/libcr_c.a(initio.o)
 .ARM.attributes
                0x000000000000055b       0x31 /usr/local/mcuxpressoide-10.2.0_759/ide/tools/bin/../lib/gcc/arm-none-eabi/7.2.1/../../../../arm-none-eabi/lib/thumb/v6-m/libcr_c.a(printf.o)
 .ARM.attributes
                0x000000000000058c       0x31 /usr/local/mcuxpressoide-10.2.0_759/ide/tools/bin/../lib/gcc/arm-none-eabi/7.2.1/../../../../arm-none-eabi/lib/thumb/v6-m/libcr_c.a(setvbuf.o)
 .ARM.attributes
                0x00000000000005bd       0x31 /usr/local/mcuxpressoide-10.2.0_759/ide/tools/bin/../lib/gcc/arm-none-eabi/7.2.1/../../../../arm-none-eabi/lib/thumb/v6-m/libcr_c.a(strlen.o)
 .ARM.attributes
                0x00000000000005ee       0x31 /usr/local/mcuxpressoide-10.2.0_759/ide/tools/bin/../lib/gcc/arm-none-eabi/7.2.1/../../../../arm-none-eabi/lib/thumb/v6-m/libcr_c.a(__init_alloc.o)
 .ARM.attributes
                0x000000000000061f       0x31 /usr/local/mcuxpressoide-10.2.0_759/ide/tools/bin/../lib/gcc/arm-none-eabi/7.2.1/../../../../arm-none-eabi/lib/thumb/v6-m/libcr_c.a(_cr_sbrk.o)
 .ARM.attributes
                0x0000000000000650       0x31 /usr/local/mcuxpressoide-10.2.0_759/ide/tools/bin/../lib/gcc/arm-none-eabi/7.2.1/../../../../arm-none-eabi/lib/thumb/v6-m/libcr_c.a(_fdopen.o)
 .ARM.attributes
                0x0000000000000681       0x31 /usr/local/mcuxpressoide-10.2.0_759/ide/tools/bin/../lib/gcc/arm-none-eabi/7.2.1/../../../../arm-none-eabi/lib/thumb/v6-m/libcr_c.a(errno.o)
 .ARM.attributes
                0x00000000000006b2       0x31 /usr/local/mcuxpressoide-10.2.0_759/ide/tools/bin/../lib/gcc/arm-none-eabi/7.2.1/../../../../arm-none-eabi/lib/thumb/v6-m/libcr_c.a(fclose.o)
 .ARM.attributes
                0x00000000000006e3       0x31 /usr/local/mcuxpressoide-10.2.0_759/ide/tools/bin/../lib/gcc/arm-none-eabi/7.2.1/../../../../arm-none-eabi/lib/thumb/v6-m/libcr_c.a(fflush.o)
 .ARM.attributes
                0x0000000000000714       0x31 /usr/local/mcuxpressoide-10.2.0_759/ide/tools/bin/../lib/gcc/arm-none-eabi/7.2.1/../../../../arm-none-eabi/lib/thumb/v6-m/libcr_c.a(remove.o)
 .ARM.attributes
                0x0000000000000745       0x31 /usr/local/mcuxpressoide-10.2.0_759/ide/tools/bin/../lib/gcc/arm-none-eabi/7.2.1/../../../../arm-none-eabi/lib/thumb/v6-m/libcr_c.a(_cr_check_heap.o)
 .ARM.attributes
                0x0000000000000776       0x31 /usr/local/mcuxpressoide-10.2.0_759/ide/tools/bin/../lib/gcc/arm-none-eabi/7.2.1/../../../../arm-none-eabi/lib/thumb/v6-m/libcr_c.a(_do_fflush.o)
 .ARM.attributes
                0x00000000000007a7       0x21 /usr/local/mcuxpressoide-10.2.0_759/ide/tools/bin/../lib/gcc/arm-none-eabi/7.2.1/thumb/v6-m/libcr_eabihelpers.a(division_32.o)
 .ARM.attributes
                0x00000000000007c8       0x21 /usr/local/mcuxpressoide-10.2.0_759/ide/tools/bin/../lib/gcc/arm-none-eabi/7.2.1/thumb/v6-m/libcr_eabihelpers.a(division_idiv0.o)
 .ARM.attributes
                0x00000000000007e9       0x21 /usr/local/mcuxpressoide-10.2.0_759/ide/tools/bin/../lib/gcc/arm-none-eabi/7.2.1/thumb/v6-m/libcr_eabihelpers.a(llong.o)
 .ARM.attributes
                0x000000000000080a       0x21 /usr/local/mcuxpressoide-10.2.0_759/ide/tools/bin/../lib/gcc/arm-none-eabi/7.2.1/thumb/v6-m/libcr_eabihelpers.a(memcpy.o)
 .ARM.attributes
                0x000000000000082b       0x21 /usr/local/mcuxpressoide-10.2.0_759/ide/tools/bin/../lib/gcc/arm-none-eabi/7.2.1/../../../../arm-none-eabi/lib/thumb/v6-m/libcr_semihost_nf.a(__sys_close.o)
 .ARM.attributes
                0x000000000000084c       0x21 /usr/local/mcuxpressoide-10.2.0_759/ide/tools/bin/../lib/gcc/arm-none-eabi/7.2.1/../../../../arm-none-eabi/lib/thumb/v6-m/libcr_semihost_nf.a(__sys_flen.o)
 .ARM.attributes
                0x000000000000086d       0x21 /usr/local/mcuxpressoide-10.2.0_759/ide/tools/bin/../lib/gcc/arm-none-eabi/7.2.1/../../../../arm-none-eabi/lib/thumb/v6-m/libcr_semihost_nf.a(__sys_istty.o)
 .ARM.attributes
                0x000000000000088e       0x21 /usr/local/mcuxpressoide-10.2.0_759/ide/tools/bin/../lib/gcc/arm-none-eabi/7.2.1/../../../../arm-none-eabi/lib/thumb/v6-m/libcr_semihost_nf.a(__sys_remove.o)
 .ARM.attributes
                0x00000000000008af       0x21 /usr/local/mcuxpressoide-10.2.0_759/ide/tools/bin/../lib/gcc/arm-none-eabi/7.2.1/../../../../arm-none-eabi/lib/thumb/v6-m/libcr_semihost_nf.a(__sys_seek.o)
 .ARM.attributes
                0x00000000000008d0       0x21 /usr/local/mcuxpressoide-10.2.0_759/ide/tools/bin/../lib/gcc/arm-none-eabi/7.2.1/../../../../arm-none-eabi/lib/thumb/v6-m/libcr_semihost_nf.a(__sys_tmpnam.o)
 .ARM.attributes
                0x00000000000008f1       0x21 /usr/local/mcuxpressoide-10.2.0_759/ide/tools/bin/../lib/gcc/arm-none-eabi/7.2.1/../../../../arm-none-eabi/lib/thumb/v6-m/libcr_semihost_nf.a(__sys_write.o)

.debug_frame    0x0000000000000000     0x19bc
 .debug_frame   0x0000000000000000       0x8c ./utilities/fsl_debug_console.o
 .debug_frame   0x000000000000008c      0x3b0 ./startup/startup_mkw36z4.o
 .debug_frame   0x000000000000043c       0x2c ./source/ArqSwAutomotriz_HMI.o
 .debug_frame   0x0000000000000468       0x20 ./source/semihost_hardfault.o
 .debug_frame   0x0000000000000488       0xb0 ./freertos/list.o
 .debug_frame   0x0000000000000538      0x154 ./freertos/port.o
 .debug_frame   0x000000000000068c      0x73c ./freertos/tasks.o
 .debug_frame   0x0000000000000dc8      0x530 ./drivers/fsl_clock.o
 .debug_frame   0x00000000000012f8      0x430 ./drivers/fsl_lpuart.o
 .debug_frame   0x0000000000001728       0x50 ./board/board.o
 .debug_frame   0x0000000000001778      0x144 ./board/clock_config.o
 .debug_frame   0x00000000000018bc       0x2c ./board/peripherals.o
 .debug_frame   0x00000000000018e8       0x88 ./board/pin_mux.o
 .debug_frame   0x0000000000001970       0x4c ./CMSIS/system_MKW36Z4.o
