Archive member included to satisfy reference by file (symbol)

c:/nxp/mcuxpressoide_10.3.0_2200/ide/plugins/com.nxp.mcuxpresso.tools.win32_10.3.0.201811011841/tools/bin/../lib/gcc/arm-none-eabi/7.3.1/../../../../arm-none-eabi/lib/thumb/v6-m\libcr_semihost_nf.a(_cr__main.o)
                              ./startup/startup_mkw36z4.o (__main)
c:/nxp/mcuxpressoide_10.3.0_2200/ide/plugins/com.nxp.mcuxpresso.tools.win32_10.3.0.201811011841/tools/bin/../lib/gcc/arm-none-eabi/7.3.1/../../../../arm-none-eabi/lib/thumb/v6-m\libcr_semihost_nf.a(_cr_assert.o)
                              ./drivers/fsl_clock.o (__assertion_failed)
c:/nxp/mcuxpressoide_10.3.0_2200/ide/plugins/com.nxp.mcuxpresso.tools.win32_10.3.0.201811011841/tools/bin/../lib/gcc/arm-none-eabi/7.3.1/../../../../arm-none-eabi/lib/thumb/v6-m\libcr_semihost_nf.a(__ciob.o)
                              c:/nxp/mcuxpressoide_10.3.0_2200/ide/plugins/com.nxp.mcuxpresso.tools.win32_10.3.0.201811011841/tools/bin/../lib/gcc/arm-none-eabi/7.3.1/../../../../arm-none-eabi/lib/thumb/v6-m\libcr_semihost_nf.a(_cr_assert.o) (__Ciob)
c:/nxp/mcuxpressoide_10.3.0_2200/ide/plugins/com.nxp.mcuxpresso.tools.win32_10.3.0.201811011841/tools/bin/../lib/gcc/arm-none-eabi/7.3.1/../../../../arm-none-eabi/lib/thumb/v6-m\libcr_semihost_nf.a(__sys_appexit.o)
                              c:/nxp/mcuxpressoide_10.3.0_2200/ide/plugins/com.nxp.mcuxpresso.tools.win32_10.3.0.201811011841/tools/bin/../lib/gcc/arm-none-eabi/7.3.1/../../../../arm-none-eabi/lib/thumb/v6-m\libcr_semihost_nf.a(_cr_assert.o) (__sys_appexit)
c:/nxp/mcuxpressoide_10.3.0_2200/ide/plugins/com.nxp.mcuxpresso.tools.win32_10.3.0.201811011841/tools/bin/../lib/gcc/arm-none-eabi/7.3.1/../../../../arm-none-eabi/lib/thumb/v6-m\libcr_c.a(memcpy.o)
                              ./freertos/queue.o (memcpy)
c:/nxp/mcuxpressoide_10.3.0_2200/ide/plugins/com.nxp.mcuxpresso.tools.win32_10.3.0.201811011841/tools/bin/../lib/gcc/arm-none-eabi/7.3.1/../../../../arm-none-eabi/lib/thumb/v6-m\libcr_c.a(memset.o)
                              ./freertos/tasks.o (memset)
c:/nxp/mcuxpressoide_10.3.0_2200/ide/plugins/com.nxp.mcuxpresso.tools.win32_10.3.0.201811011841/tools/bin/../lib/gcc/arm-none-eabi/7.3.1/../../../../arm-none-eabi/lib/thumb/v6-m\libcr_c.a(_deferredlazyseek.o)
                              c:/nxp/mcuxpressoide_10.3.0_2200/ide/plugins/com.nxp.mcuxpresso.tools.win32_10.3.0.201811011841/tools/bin/../lib/gcc/arm-none-eabi/7.3.1/../../../../arm-none-eabi/lib/thumb/v6-m\libcr_semihost_nf.a(_cr_assert.o) (__flsbuf)
c:/nxp/mcuxpressoide_10.3.0_2200/ide/plugins/com.nxp.mcuxpresso.tools.win32_10.3.0.201811011841/tools/bin/../lib/gcc/arm-none-eabi/7.3.1/../../../../arm-none-eabi/lib/thumb/v6-m\libcr_c.a(_fflush.o)
                              c:/nxp/mcuxpressoide_10.3.0_2200/ide/plugins/com.nxp.mcuxpresso.tools.win32_10.3.0.201811011841/tools/bin/../lib/gcc/arm-none-eabi/7.3.1/../../../../arm-none-eabi/lib/thumb/v6-m\libcr_c.a(_deferredlazyseek.o) (_fflush)
c:/nxp/mcuxpressoide_10.3.0_2200/ide/plugins/com.nxp.mcuxpresso.tools.win32_10.3.0.201811011841/tools/bin/../lib/gcc/arm-none-eabi/7.3.1/../../../../arm-none-eabi/lib/thumb/v6-m\libcr_c.a(_writebuf.o)
                              c:/nxp/mcuxpressoide_10.3.0_2200/ide/plugins/com.nxp.mcuxpresso.tools.win32_10.3.0.201811011841/tools/bin/../lib/gcc/arm-none-eabi/7.3.1/../../../../arm-none-eabi/lib/thumb/v6-m\libcr_c.a(_deferredlazyseek.o) (_Cwritebuf)
c:/nxp/mcuxpressoide_10.3.0_2200/ide/plugins/com.nxp.mcuxpresso.tools.win32_10.3.0.201811011841/tools/bin/../lib/gcc/arm-none-eabi/7.3.1/../../../../arm-none-eabi/lib/thumb/v6-m\libcr_c.a(alloc.o)
                              c:/nxp/mcuxpressoide_10.3.0_2200/ide/plugins/com.nxp.mcuxpresso.tools.win32_10.3.0.201811011841/tools/bin/../lib/gcc/arm-none-eabi/7.3.1/../../../../arm-none-eabi/lib/thumb/v6-m\libcr_c.a(_deferredlazyseek.o) (_Csys_alloc)
c:/nxp/mcuxpressoide_10.3.0_2200/ide/plugins/com.nxp.mcuxpresso.tools.win32_10.3.0.201811011841/tools/bin/../lib/gcc/arm-none-eabi/7.3.1/../../../../arm-none-eabi/lib/thumb/v6-m\libcr_c.a(fputs.o)
                              c:/nxp/mcuxpressoide_10.3.0_2200/ide/plugins/com.nxp.mcuxpresso.tools.win32_10.3.0.201811011841/tools/bin/../lib/gcc/arm-none-eabi/7.3.1/../../../../arm-none-eabi/lib/thumb/v6-m\libcr_semihost_nf.a(_cr_assert.o) (fputs)
c:/nxp/mcuxpressoide_10.3.0_2200/ide/plugins/com.nxp.mcuxpresso.tools.win32_10.3.0.201811011841/tools/bin/../lib/gcc/arm-none-eabi/7.3.1/../../../../arm-none-eabi/lib/thumb/v6-m\libcr_c.a(fseek.o)
                              c:/nxp/mcuxpressoide_10.3.0_2200/ide/plugins/com.nxp.mcuxpresso.tools.win32_10.3.0.201811011841/tools/bin/../lib/gcc/arm-none-eabi/7.3.1/../../../../arm-none-eabi/lib/thumb/v6-m\libcr_c.a(_deferredlazyseek.o) (fseek)
c:/nxp/mcuxpressoide_10.3.0_2200/ide/plugins/com.nxp.mcuxpresso.tools.win32_10.3.0.201811011841/tools/bin/../lib/gcc/arm-none-eabi/7.3.1/../../../../arm-none-eabi/lib/thumb/v6-m\libcr_c.a(ftell.o)
[...]
Memory Configuration

Name             Origin             Length             Attributes
PROGRAM_FLASH    0x00000000         0x00040000         xr
FLEX_NVM         0x10000000         0x00040000         xr
SRAM             0x1fffc000         0x00010000         xrw
FLEX_RAM         0x14000000         0x00002000         xrw
*default*        0x00000000         0xffffffff

Linker script and memory map

LOAD ./utilities/fsl_debug_console.o
LOAD ./startup/startup_mkw36z4.o
LOAD ./source/ArqSwAutomotriz_HMI.o
LOAD ./source/mtb.o
LOAD ./source/semihost_hardfault.o
LOAD ./freertos/croutine.o
LOAD ./freertos/event_groups.o
LOAD ./freertos/fsl_tickless_lptmr.o
LOAD ./freertos/fsl_tickless_systick.o
LOAD ./freertos/heap_4.o
LOAD ./freertos/list.o
LOAD ./freertos/port.o
LOAD ./freertos/queue.o
LOAD ./freertos/tasks.o
LOAD ./freertos/timers.o
LOAD ./drivers/fsl_clock.o
LOAD ./drivers/fsl_common.o
LOAD ./drivers/fsl_flash.o
LOAD ./drivers/fsl_gpio.o
LOAD ./drivers/fsl_lptmr.o
LOAD ./drivers/fsl_lpuart.o
LOAD ./drivers/fsl_lpuart_freertos.o
LOAD ./drivers/fsl_smc.o
LOAD ./board/board.o
LOAD ./board/clock_config.o
LOAD ./board/peripherals.o
LOAD ./board/pin_mux.o
LOAD ./CMSIS/system_MKW36Z4.o
START GROUP
LOAD c:/nxp/mcuxpressoide_10.3.0_2200/ide/plugins/com.nxp.mcuxpresso.tools.win32_10.3.0.201811011841/tools/bin/../lib/gcc/arm-none-eabi/7.3.1/../../../../arm-none-eabi/lib/thumb/v6-m\libcr_semihost_nf.a
LOAD c:/nxp/mcuxpressoide_10.3.0_2200/ide/plugins/com.nxp.mcuxpresso.tools.win32_10.3.0.201811011841/tools/bin/../lib/gcc/arm-none-eabi/7.3.1/../../../../arm-none-eabi/lib/thumb/v6-m\libcr_c.a
LOAD c:/nxp/mcuxpressoide_10.3.0_2200/ide/plugins/com.nxp.mcuxpresso.tools.win32_10.3.0.201811011841/tools/bin/../lib/gcc/arm-none-eabi/7.3.1/thumb/v6-m\libcr_eabihelpers.a
END GROUP
                0x00000000                __base_PROGRAM_FLASH = 0x0
                0x00000000                __base_Flash = 0x0
                0x00040000                __top_PROGRAM_FLASH = 0x40000
                0x00040000                __top_Flash = 0x40000
                0x10000000                __base_FLEX_NVM = 0x10000000
                0x10000000                __base_Flash2 = 0x10000000
                0x10040000                __top_FLEX_NVM = 0x10040000
                0x10040000                __top_Flash2 = 0x10040000
                0x1fffc000                __base_SRAM = 0x1fffc000
                0x1fffc000                __base_RAM = 0x1fffc000
                0x2000c000                __top_SRAM = 0x2000c000
                0x2000c000                __top_RAM = 0x2000c000
                0x14000000                __base_FLEX_RAM = 0x14000000
                0x14000000                __base_RAM2 = 0x14000000
                0x14002000                __top_FLEX_RAM = 0x14002000
                0x14002000                __top_RAM2 = 0x14002000

.text_Flash2    0x10000000        0x0
 FILL mask 0xff
 *(SORT_BY_ALIGNMENT(.text_Flash2*))
 *(SORT_BY_ALIGNMENT(.text_FLEX_NVM*))
 *(SORT_BY_ALIGNMENT(.text.$Flash2*))
 *(SORT_BY_ALIGNMENT(.text.$FLEX_NVM*))
 *(SORT_BY_ALIGNMENT(.rodata.$Flash2*))
 *(SORT_BY_ALIGNMENT(.rodata.$FLEX_NVM*))

.text           0x00000000     0x34f0
 FILL mask 0xff
                0x00000000                __vectors_start__ = ABSOLUTE (.)
 *(SORT_BY_ALIGNMENT(.isr_vector))
 .isr_vector    0x00000000       0xc0 ./startup/startup_mkw36z4.o
                0x00000000                g_pfnVectors
                0x00000000                __Vectors
                0x000000c0                . = ALIGN (0x4)
                0x000000c0                __section_table_start = .
                0x000000c0                __data_section_table = .
                0x000000c0        0x4 LONG 0x34f0 LOADADDR (.data)
                0x000000c4        0x4 LONG 0x1fffc080 ADDR (.data)
                0x000000c8        0x4 LONG 0x4 SIZEOF (.data)
                0x000000cc        0x4 LONG 0x34f0 LOADADDR (.data_RAM2)
                0x000000d0        0x4 LONG 0x14000000 ADDR (.data_RAM2)
                0x000000d4        0x4 LONG 0x0 SIZEOF (.data_RAM2)
                0x000000d8                __data_section_table_end = .
                0x000000d8                __bss_section_table = .
                0x000000d8        0x4 LONG 0x1fffc084 ADDR (.bss)
                0x000000dc        0x4 LONG 0x170 SIZEOF (.bss)
                0x000000e0        0x4 LONG 0x14000000 ADDR (.bss_RAM2)
                0x000000e4        0x4 LONG 0x0 SIZEOF (.bss_RAM2)
                0x000000e8                __bss_section_table_end = .
                0x000000e8                __section_table_end = .
 *(SORT_BY_ALIGNMENT(.after_vectors*))
 .after_vectors.reset
                0x000000e8       0x4c ./startup/startup_mkw36z4.o
                0x000000e8                ResetISR
 .after_vectors.init_data
                0x00000134       0x16 ./startup/startup_mkw36z4.o
                0x00000134                data_init
 .after_vectors.init_bss
                0x0000014a       0x12 ./startup/startup_mkw36z4.o
                0x0000014a                bss_init
 .after_vectors
                0x0000015c      0x10c ./startup/startup_mkw36z4.o
                0x0000015c                NMI_Handler
                0x00000166                I2C0_DriverIRQHandler
                0x00000166                DMA0_DriverIRQHandler
                0x00000166                SPI1_DriverIRQHandler
                0x00000166                LPTMR0_DriverIRQHandler
                0x00000166                PORTB_PORTC_DriverIRQHandler
                0x00000166                PIT_DriverIRQHandler
                0x00000166                ADC0_DriverIRQHandler
                0x00000166                FTFE_DriverIRQHandler
                0x00000166                TRNG0_DriverIRQHandler
                0x00000166                PORTA_DriverIRQHandler
                0x00000166                TPM2_DriverIRQHandler
                0x00000166                DMA2_DriverIRQHandler
                0x00000166                CAN0_DriverIRQHandler
                0x00000166                CMP0_DriverIRQHandler
                0x00000166                RTC_Seconds_DriverIRQHandler
                0x00000166                LLWU_DriverIRQHandler
                0x00000166                MCG_DriverIRQHandler
                0x00000166                Radio_0_DriverIRQHandler
                0x00000166                TPM1_DriverIRQHandler
                0x00000166                SPI0_DriverIRQHandler
                0x00000166                IntDefaultHandler
                0x00000166                LTC0_DriverIRQHandler
                0x00000166                TPM0_DriverIRQHandler
                0x00000166                I2C1_DriverIRQHandler
                0x00000166                LVD_LVW_DCDC_DriverIRQHandler
                0x00000166                CMT_DriverIRQHandler
                0x00000166                Reserved20_DriverIRQHandler
                0x00000166                RTC_DriverIRQHandler
                0x00000166                DMA3_DriverIRQHandler
                0x00000166                DMA1_DriverIRQHandler
                0x00000166                Radio_1_DriverIRQHandler
                0x00000168                DMA0_IRQHandler
                0x00000170                DMA1_IRQHandler
                0x00000178                DMA2_IRQHandler
                0x00000180                DMA3_IRQHandler
                0x00000188                Reserved20_IRQHandler
                0x00000190                FTFE_IRQHandler
                0x00000198                LVD_LVW_DCDC_IRQHandler
                0x000001a0                LLWU_IRQHandler
                0x000001a8                I2C0_IRQHandler
                0x000001b0                I2C1_IRQHandler
                0x000001b8                SPI0_IRQHandler
                0x000001c0                CAN0_IRQHandler
                0x000001c8                LPUART0_LPUART1_IRQHandler
                0x000001d0                TRNG0_IRQHandler
                0x000001d8                CMT_IRQHandler
                0x000001e0                ADC0_IRQHandler
                0x000001e8                CMP0_IRQHandler
                0x000001f0                TPM0_IRQHandler
                0x000001f8                TPM1_IRQHandler
                0x00000200                TPM2_IRQHandler
                0x00000208                RTC_IRQHandler
                0x00000210                RTC_Seconds_IRQHandler
                0x00000218                PIT_IRQHandler
                0x00000220                LTC0_IRQHandler
                0x00000228                Radio_0_IRQHandler
                0x00000230                CAN0_MB_IRQHandler
                0x00000238                Radio_1_IRQHandler
                0x00000240                MCG_IRQHandler
                0x00000248                LPTMR0_IRQHandler
                0x00000250                SPI1_IRQHandler
                0x00000258                PORTA_IRQHandler
                0x00000260                PORTB_PORTC_IRQHandler
                0x00000400                . = 0x400
 *fill*         0x00000268      0x198 ff
                0x00000400                PROVIDE (__FLASH_CONFIG_START__ = .)
 *(SORT_BY_ALIGNMENT(.FlashConfig))
 .FlashConfig   0x00000400       0x10 ./startup/startup_mkw36z4.o
                0x00000400                Flash_Config
                0x00000410                PROVIDE (__FLASH_CONFIG_END__ = .)
                0x00000001                ASSERT (! ((__FLASH_CONFIG_START__ == __FLASH_CONFIG_END__)), Linker Flash Config Support Enabled, but no .FlashConfig section provided within application)
 *(SORT_BY_ALIGNMENT(.text*))
 .text.PendSV_Handler
                0x00000410       0x48 ./freertos/port.o
                0x00000410                PendSV_Handler
 .text.LPUART_EnableTx
                0x00000458       0x40 ./utilities/fsl_debug_console.o
 .text.LPUART_EnableRx
                0x00000498       0x40 ./utilities/fsl_debug_console.o
 .text.DbgConsole_Init
                0x000004d8       0x94 ./utilities/fsl_debug_console.o
                0x000004d8                DbgConsole_Init
 .text.main     0x0000056c       0x30 ./source/ArqSwAutomotriz_HMI.o
                0x0000056c                main
 .text.HardFault_Handler
                0x0000059c       0x30 ./source/semihost_hardfault.o
                0x0000059c                HardFault_Handler
 .text.SysTick_Handler
                0x000005cc       0x34 ./freertos/port.o
                0x000005cc                SysTick_Handler
 .text.xTaskIncrementTick
                0x00000600      0x14c ./freertos/tasks.o
                0x00000600                xTaskIncrementTick
 .text.vTaskSwitchContext
                0x0000074c       0xa4 ./freertos/tasks.o
                0x0000074c                vTaskSwitchContext
 .text.prvResetNextTaskUnblockTime
                0x000007f0       0x48 ./freertos/tasks.o
 .text.CLOCK_SetEr32kClock
                0x00000838       0x34 ./drivers/fsl_clock.o
 .text.CLOCK_GetOscRangeFromFreq
                0x0000086c       0x4c ./drivers/fsl_clock.o
 .text.CLOCK_GetOsc0ErClkFreq
                0x000008b8       0x28 ./drivers/fsl_clock.o
                0x000008b8                CLOCK_GetOsc0ErClkFreq
 .text.CLOCK_SetSimConfig
                0x000008e0       0x2c ./drivers/fsl_clock.o
                0x000008e0                CLOCK_SetSimConfig
 .text.CLOCK_SetExternalRefClkConfig
                0x0000090c       0x80 ./drivers/fsl_clock.o
                0x0000090c                CLOCK_SetExternalRefClkConfig
 .text.CLOCK_SetInternalRefClkConfig
                0x0000098c      0x128 ./drivers/fsl_clock.o
                0x0000098c                CLOCK_SetInternalRefClkConfig
 .text.CLOCK_InitOsc0
                0x00000ab4       0x68 ./drivers/fsl_clock.o
                0x00000ab4                CLOCK_InitOsc0
 .text.CLOCK_SetFeeMode
                0x00000b1c      0x13c ./drivers/fsl_clock.o
                0x00000b1c                CLOCK_SetFeeMode
 .text.CLOCK_EnableClock
                0x00000c58       0x34 ./drivers/fsl_lpuart.o
 .text.CLOCK_isEnabledClock
                0x00000c8c       0x38 ./drivers/fsl_lpuart.o
 .text.LPUART_GetInstance
                0x00000cc4       0x4c ./drivers/fsl_lpuart.o
                0x00000cc4                LPUART_GetInstance
 .text.LPUART_Init
                0x00000d10      0x2dc ./drivers/fsl_lpuart.o
                0x00000d10                LPUART_Init
 .text.LPUART_GetDefaultConfig
                0x00000fec       0x5c ./drivers/fsl_lpuart.o
                0x00000fec                LPUART_GetDefaultConfig
 .text.LPUART_ClearStatusFlags
                0x00001048       0xb0 ./drivers/fsl_lpuart.o
                0x00001048                LPUART_ClearStatusFlags
 .text.LPUART_WriteBlocking
                0x000010f8       0x4c ./drivers/fsl_lpuart.o
                0x000010f8                LPUART_WriteBlocking
 .text.LPUART_ReadBlocking
                0x00001144       0xd8 ./drivers/fsl_lpuart.o
                0x00001144                LPUART_ReadBlocking
 .text.LPUART0_LPUART1_DriverIRQHandler
                0x0000121c       0xd0 ./drivers/fsl_lpuart.o
                0x0000121c                LPUART0_LPUART1_DriverIRQHandler
 .text.CLOCK_SetLpuart0Clock
                0x000012ec       0x38 ./board/board.o
 .text.BOARD_InitDebugConsole
                0x00001324       0x30 ./board/board.o
                0x00001324                BOARD_InitDebugConsole
 .text.CLOCK_SetSimSafeDivs
                0x00001354       0x1c ./board/clock_config.o
 .text.CLOCK_SetXtal0Freq
                0x00001370       0x1c ./board/clock_config.o
 .text.CLOCK_CONFIG_FllStableDelay
                0x0000138c       0x24 ./board/clock_config.o
 .text.BOARD_RfOscInit
                0x000013b0       0xd0 ./board/clock_config.o
                0x000013b0                BOARD_RfOscInit
 .text.BOARD_InitOsc0
                0x00001480       0x30 ./board/clock_config.o
                0x00001480                BOARD_InitOsc0
 .text.BOARD_BootClockRUN
                0x000014b0       0x58 ./board/clock_config.o
                0x000014b0                BOARD_BootClockRUN
 .text.CLOCK_EnableClock
                0x00001508       0x34 ./board/pin_mux.o
 .text.PORT_SetPinMux
                0x0000153c       0x40 ./board/pin_mux.o
 .text.BOARD_InitPins
                0x0000157c       0x50 ./board/pin_mux.o
                0x0000157c                BOARD_InitPins
 .text.SystemInit
                0x000015cc       0x18 ./CMSIS/system_MKW36Z4.o
                0x000015cc                SystemInit
 .text.__assertion_failed
                0x000015e4       0x4c c:/nxp/mcuxpressoide_10.3.0_2200/ide/plugins/com.nxp.mcuxpresso.tools.win32_10.3.0.201811011841/tools/bin/../lib/gcc/arm-none-eabi/7.3.1/../../../../arm-none-eabi/lib/thumb/v6-m\libcr_semihost_nf.a(_cr_assert.o)
                0x000015e4                __assertion_failed
 .text.__sys_appexit
                0x00001630        0xc c:/nxp/mcuxpressoide_10.3.0_2200/ide/plugins/com.nxp.mcuxpresso.tools.win32_10.3.0.201811011841/tools/bin/../lib/gcc/arm-none-eabi/7.3.1/../../../../arm-none-eabi/lib/thumb/v6-m\libcr_semihost_nf.a(__sys_appexit.o)
                0x00001630                __sys_appexit
                0x00001630                __exit
 .text._deferredlazyseek
                0x0000163c       0x40 c:/nxp/mcuxpressoide_10.3.0_2200/ide/plugins/com.nxp.mcuxpresso.tools.win32_10.3.0.201811011841/tools/bin/../lib/gcc/arm-none-eabi/7.3.1/../../../../arm-none-eabi/lib/thumb/v6-m\libcr_c.a(_deferredlazyseek.o)
                0x0000163c                _deferredlazyseek
 .text.__flsbuf
                0x0000167c      0x14c c:/nxp/mcuxpressoide_10.3.0_2200/ide/plugins/com.nxp.mcuxpresso.tools.win32_10.3.0.201811011841/tools/bin/../lib/gcc/arm-none-eabi/7.3.1/../../../../arm-none-eabi/lib/thumb/v6-m\libcr_c.a(_deferredlazyseek.o)
                0x0000167c                __flsbuf
 .text._fflush  0x000017c8       0x5c c:/nxp/mcuxpressoide_10.3.0_2200/ide/plugins/com.nxp.mcuxpresso.tools.win32_10.3.0.201811011841/tools/bin/../lib/gcc/arm-none-eabi/7.3.1/../../../../arm-none-eabi/lib/thumb/v6-m\libcr_c.a(_fflush.o)
                0x000017c8                _fflush
 .text._Cwritebuf
                0x00001824       0x68 c:/nxp/mcuxpressoide_10.3.0_2200/ide/plugins/com.nxp.mcuxpresso.tools.win32_10.3.0.201811011841/tools/bin/../lib/gcc/arm-none-eabi/7.3.1/../../../../arm-none-eabi/lib/thumb/v6-m\libcr_c.a(_writebuf.o)
                0x00001824                _Cwritebuf
 .text.malloc   0x0000188c       0xcc c:/nxp/mcuxpressoide_10.3.0_2200/ide/plugins/com.nxp.mcuxpresso.tools.win32_10.3.0.201811011841/tools/bin/../lib/gcc/arm-none-eabi/7.3.1/../../../../arm-none-eabi/lib/thumb/v6-m\libcr_c.a(alloc.o)
                0x0000188c                malloc
 .text._Csys_alloc
                0x00001958       0x20 c:/nxp/mcuxpressoide_10.3.0_2200/ide/plugins/com.nxp.mcuxpresso.tools.win32_10.3.0.201811011841/tools/bin/../lib/gcc/arm-none-eabi/7.3.1/../../../../arm-none-eabi/lib/thumb/v6-m\libcr_c.a(alloc.o)
                0x00001958                _Csys_alloc
 .text.fseek    0x00001978       0xf0 c:/nxp/mcuxpressoide_10.3.0_2200/ide/plugins/com.nxp.mcuxpresso.tools.win32_10.3.0.201811011841/tools/bin/../lib/gcc/arm-none-eabi/7.3.1/../../../../arm-none-eabi/lib/thumb/v6-m\libcr_c.a(fseek.o)
                0x00001978                fseek
 .text.ftell    0x00001a68       0x48 c:/nxp/mcuxpressoide_10.3.0_2200/ide/plugins/com.nxp.mcuxpresso.tools.win32_10.3.0.201811011841/tools/bin/../lib/gcc/arm-none-eabi/7.3.1/../../../../arm-none-eabi/lib/thumb/v6-m\libcr_c.a(ftell.o)
                0x00001a68                ftell
 .text._initio  0x00001ab0       0x7c c:/nxp/mcuxpressoide_10.3.0_2200/ide/plugins/com.nxp.mcuxpresso.tools.win32_10.3.0.201811011841/tools/bin/../lib/gcc/arm-none-eabi/7.3.1/../../../../arm-none-eabi/lib/thumb/v6-m\libcr_c.a(initio.o)
                0x00001ab0                _initio
 .text.__vfprintf
                0x00001b2c      0xcb8 c:/nxp/mcuxpressoide_10.3.0_2200/ide/plugins/com.nxp.mcuxpresso.tools.win32_10.3.0.201811011841/tools/bin/../lib/gcc/arm-none-eabi/7.3.1/../../../../arm-none-eabi/lib/thumb/v6-m\libcr_c.a(printf.o)
                0x00001b2c                __vfprintf
 .text._vsnprintf
                0x000027e4       0x70 c:/nxp/mcuxpressoide_10.3.0_2200/ide/plugins/com.nxp.mcuxpresso.tools.win32_10.3.0.201811011841/tools/bin/../lib/gcc/arm-none-eabi/7.3.1/../../../../arm-none-eabi/lib/thumb/v6-m\libcr_c.a(printf.o)
                0x000027e4                _vsnprintf
 .text._printf  0x00002854       0x50 c:/nxp/mcuxpressoide_10.3.0_2200/ide/plugins/com.nxp.mcuxpresso.tools.win32_10.3.0.201811011841/tools/bin/../lib/gcc/arm-none-eabi/7.3.1/../../../../arm-none-eabi/lib/thumb/v6-m\libcr_c.a(printf.o)
                0x00002854                _printf
 .text.setvbuf  0x000028a4       0x48 c:/nxp/mcuxpressoide_10.3.0_2200/ide/plugins/com.nxp.mcuxpresso.tools.win32_10.3.0.201811011841/tools/bin/../lib/gcc/arm-none-eabi/7.3.1/../../../../arm-none-eabi/lib/thumb/v6-m\libcr_c.a(setvbuf.o)
                0x000028a4                setvbuf
 .text.strlen   0x000028ec       0x58 c:/nxp/mcuxpressoide_10.3.0_2200/ide/plugins/com.nxp.mcuxpresso.tools.win32_10.3.0.201811011841/tools/bin/../lib/gcc/arm-none-eabi/7.3.1/../../../../arm-none-eabi/lib/thumb/v6-m\libcr_c.a(strlen.o)
                0x000028ec                strlen
 .text._sbrk    0x00002944       0x40 c:/nxp/mcuxpressoide_10.3.0_2200/ide/plugins/com.nxp.mcuxpresso.tools.win32_10.3.0.201811011841/tools/bin/../lib/gcc/arm-none-eabi/7.3.1/../../../../arm-none-eabi/lib/thumb/v6-m\libcr_c.a(_cr_sbrk.o)
                0x00002944                _sbrk
 .text._fdopen  0x00002984       0x74 c:/nxp/mcuxpressoide_10.3.0_2200/ide/plugins/com.nxp.mcuxpresso.tools.win32_10.3.0.201811011841/tools/bin/../lib/gcc/arm-none-eabi/7.3.1/../../../../arm-none-eabi/lib/thumb/v6-m\libcr_c.a(_fdopen.o)
                0x00002984                _fdopen
 .text.fclose   0x000029f8       0x5c c:/nxp/mcuxpressoide_10.3.0_2200/ide/plugins/com.nxp.mcuxpresso.tools.win32_10.3.0.201811011841/tools/bin/../lib/gcc/arm-none-eabi/7.3.1/../../../../arm-none-eabi/lib/thumb/v6-m\libcr_c.a(fclose.o)
                0x000029f8                fclose
 .text.fflush   0x00002a54       0x44 c:/nxp/mcuxpressoide_10.3.0_2200/ide/plugins/com.nxp.mcuxpresso.tools.win32_10.3.0.201811011841/tools/bin/../lib/gcc/arm-none-eabi/7.3.1/../../../../arm-none-eabi/lib/thumb/v6-m\libcr_c.a(fflush.o)
                0x00002a54                fflush
 .text.__check_heap_overflow
                0x00002a98       0x14 c:/nxp/mcuxpressoide_10.3.0_2200/ide/plugins/com.nxp.mcuxpresso.tools.win32_10.3.0.201811011841/tools/bin/../lib/gcc/arm-none-eabi/7.3.1/../../../../arm-none-eabi/lib/thumb/v6-m\libcr_c.a(_cr_check_heap.o)
                0x00002a98                __check_heap_overflow
 .text._do_fflush
                0x00002aac       0x44 c:/nxp/mcuxpressoide_10.3.0_2200/ide/plugins/com.nxp.mcuxpresso.tools.win32_10.3.0.201811011841/tools/bin/../lib/gcc/arm-none-eabi/7.3.1/../../../../arm-none-eabi/lib/thumb/v6-m\libcr_c.a(_do_fflush.o)
                0x00002aac                _do_fflush
 .text.vListInsertEnd
                0x00002af0       0x44 ./freertos/list.o
                0x00002af0                vListInsertEnd
 .text.uxListRemove
                0x00002b34       0x50 ./freertos/list.o
                0x00002b34                uxListRemove
 .text.SVC_Handler
                0x00002b84        0xa ./freertos/port.o
                0x00002b84                SVC_Handler
 .text.ulSetInterruptMaskFromISR
                0x00002b8e        0xc ./freertos/port.o
                0x00002b8e                ulSetInterruptMaskFromISR
 .text.vClearInterruptMaskFromISR
                0x00002b9a        0x8 ./freertos/port.o
                0x00002b9a                vClearInterruptMaskFromISR
 .text.CLOCK_BootToFeeMode
                0x00002ba2       0x4e ./drivers/fsl_clock.o
                0x00002ba2                CLOCK_BootToFeeMode
 .text.LPUART_GetStatusFlags
                0x00002bf0       0x28 ./drivers/fsl_lpuart.o
                0x00002bf0                LPUART_GetStatusFlags
 .text.BOARD_InitBootClocks
                0x00002c18        0xe ./board/clock_config.o
                0x00002c18                BOARD_InitBootClocks
 .text.BOARD_InitBootPeripherals
                0x00002c26        0xa ./board/peripherals.o
                0x00002c26                BOARD_InitBootPeripherals
 .text.BOARD_InitBootPins
                0x00002c30        0xe ./board/pin_mux.o
                0x00002c30                BOARD_InitBootPins
 .text.__main   0x00002c3e        0xc c:/nxp/mcuxpressoide_10.3.0_2200/ide/plugins/com.nxp.mcuxpresso.tools.win32_10.3.0.201811011841/tools/bin/../lib/gcc/arm-none-eabi/7.3.1/../../../../arm-none-eabi/lib/thumb/v6-m\libcr_semihost_nf.a(_cr__main.o)
                0x00002c3e                __CR_SEMIHOST
                0x00002c3e                __main
 .text.memset   0x00002c4a        0x8 c:/nxp/mcuxpressoide_10.3.0_2200/ide/plugins/com.nxp.mcuxpresso.tools.win32_10.3.0.201811011841/tools/bin/../lib/gcc/arm-none-eabi/7.3.1/../../../../arm-none-eabi/lib/thumb/v6-m\libcr_c.a(memset.o)
                0x00002c4a                memset
 .text.free     0x00002c52       0x2c c:/nxp/mcuxpressoide_10.3.0_2200/ide/plugins/com.nxp.mcuxpresso.tools.win32_10.3.0.201811011841/tools/bin/../lib/gcc/arm-none-eabi/7.3.1/../../../../arm-none-eabi/lib/thumb/v6-m\libcr_c.a(alloc.o)
                0x00002c52                free
 .text.fputs    0x00002c7e       0x2e c:/nxp/mcuxpressoide_10.3.0_2200/ide/plugins/com.nxp.mcuxpresso.tools.win32_10.3.0.201811011841/tools/bin/../lib/gcc/arm-none-eabi/7.3.1/../../../../arm-none-eabi/lib/thumb/v6-m\libcr_c.a(fputs.o)
                0x00002c7e                fputs
 .text.no_fp_display
                0x00002cac        0x4 c:/nxp/mcuxpressoide_10.3.0_2200/ide/plugins/com.nxp.mcuxpresso.tools.win32_10.3.0.201811011841/tools/bin/../lib/gcc/arm-none-eabi/7.3.1/../../../../arm-none-eabi/lib/thumb/v6-m\libcr_c.a(printf.o)
 .text.remove   0x00002cb0       0x12 c:/nxp/mcuxpressoide_10.3.0_2200/ide/plugins/com.nxp.mcuxpresso.tools.win32_10.3.0.201811011841/tools/bin/../lib/gcc/arm-none-eabi/7.3.1/../../../../arm-none-eabi/lib/thumb/v6-m\libcr_c.a(remove.o)
                0x00002cb0                remove
 .text.__aeabi_division_idivmod
                0x00002cc2       0x78 c:/nxp/mcuxpressoide_10.3.0_2200/ide/plugins/com.nxp.mcuxpresso.tools.win32_10.3.0.201811011841/tools/bin/../lib/gcc/arm-none-eabi/7.3.1/thumb/v6-m\libcr_eabihelpers.a(division_32.o)
                0x00002cc2                __aeabi_idivmod
                0x00002cc2                __aeabi_idiv
                0x00002cc8                __aeabi_uidivmod
                0x00002cc8                __aeabi_uidiv
 .text.__aeabi_division_idiv0
                0x00002d3a        0x2 c:/nxp/mcuxpressoide_10.3.0_2200/ide/plugins/com.nxp.mcuxpresso.tools.win32_10.3.0.201811011841/tools/bin/../lib/gcc/arm-none-eabi/7.3.1/thumb/v6-m\libcr_eabihelpers.a(division_idiv0.o)
                0x00002d3a                __aeabi_idiv0
 .text.__aeabi_llong_lmul
                0x00002d3c       0x2e c:/nxp/mcuxpressoide_10.3.0_2200/ide/plugins/com.nxp.mcuxpresso.tools.win32_10.3.0.201811011841/tools/bin/../lib/gcc/arm-none-eabi/7.3.1/thumb/v6-m\libcr_eabihelpers.a(llong.o)
                0x00002d3c                __aeabi_lmul
 .text.__aeabi_memset_lowlevel
                0x00002d6a       0x2a c:/nxp/mcuxpressoide_10.3.0_2200/ide/plugins/com.nxp.mcuxpresso.tools.win32_10.3.0.201811011841/tools/bin/../lib/gcc/arm-none-eabi/7.3.1/thumb/v6-m\libcr_eabihelpers.a(memcpy.o)
                0x00002d6a                __aeabi_lowlevel_memset
 .text.__sys_close
                0x00002d94        0xc c:/nxp/mcuxpressoide_10.3.0_2200/ide/plugins/com.nxp.mcuxpresso.tools.win32_10.3.0.201811011841/tools/bin/../lib/gcc/arm-none-eabi/7.3.1/../../../../arm-none-eabi/lib/thumb/v6-m\libcr_semihost_nf.a(__sys_close.o)
                0x00002d94                __sys_close
 .text.__sys_flen
                0x00002da0        0xc c:/nxp/mcuxpressoide_10.3.0_2200/ide/plugins/com.nxp.mcuxpresso.tools.win32_10.3.0.201811011841/tools/bin/../lib/gcc/arm-none-eabi/7.3.1/../../../../arm-none-eabi/lib/thumb/v6-m\libcr_semihost_nf.a(__sys_flen.o)
                0x00002da0                __sys_flen
 .text.__sys_istty
                0x00002dac        0xc c:/nxp/mcuxpressoide_10.3.0_2200/ide/plugins/com.nxp.mcuxpresso.tools.win32_10.3.0.201811011841/tools/bin/../lib/gcc/arm-none-eabi/7.3.1/../../../../arm-none-eabi/lib/thumb/v6-m\libcr_semihost_nf.a(__sys_istty.o)
                0x00002dac                __sys_istty
 .text.__sys_remove
                0x00002db8        0xc c:/nxp/mcuxpressoide_10.3.0_2200/ide/plugins/com.nxp.mcuxpresso.tools.win32_10.3.0.201811011841/tools/bin/../lib/gcc/arm-none-eabi/7.3.1/../../../../arm-none-eabi/lib/thumb/v6-m\libcr_semihost_nf.a(__sys_remove.o)
                0x00002db8                __sys_remove
 .text.__sys_seek
                0x00002dc4        0xc c:/nxp/mcuxpressoide_10.3.0_2200/ide/plugins/com.nxp.mcuxpresso.tools.win32_10.3.0.201811011841/tools/bin/../lib/gcc/arm-none-eabi/7.3.1/../../../../arm-none-eabi/lib/thumb/v6-m\libcr_semihost_nf.a(__sys_seek.o)
                0x00002dc4                __sys_seek
 .text.__sys_tmpnam
                0x00002dd0        0xc c:/nxp/mcuxpressoide_10.3.0_2200/ide/plugins/com.nxp.mcuxpresso.tools.win32_10.3.0.201811011841/tools/bin/../lib/gcc/arm-none-eabi/7.3.1/../../../../arm-none-eabi/lib/thumb/v6-m\libcr_semihost_nf.a(__sys_tmpnam.o)
                0x00002dd0                __sys_tmpnam
 .text.__sys_write
                0x00002ddc        0xc c:/nxp/mcuxpressoide_10.3.0_2200/ide/plugins/com.nxp.mcuxpresso.tools.win32_10.3.0.201811011841/tools/bin/../lib/gcc/arm-none-eabi/7.3.1/../../../../arm-none-eabi/lib/thumb/v6-m\libcr_semihost_nf.a(__sys_write.o)
                0x00002ddc                __sys_write
 *(SORT_BY_ALIGNMENT(.rodata) SORT_BY_ALIGNMENT(.rodata.*) SORT_BY_ALIGNMENT(.constdata) SORT_BY_ALIGNMENT(.constdata.*))
 .rodata        0x00002de8        0xd ./source/ArqSwAutomotriz_HMI.o
 *fill*         0x00002df5        0x3 ff
 .rodata        0x00002df8       0xd9 ./drivers/fsl_clock.o
 *fill*         0x00002ed1        0x3 ff
 .rodata.s_lpuartBases
                0x00002ed4        0x8 ./drivers/fsl_lpuart.o
 .rodata.s_lpuartClock
                0x00002edc        0x8 ./drivers/fsl_lpuart.o
 .rodata        0x00002ee4      0x596 ./drivers/fsl_lpuart.o
 *fill*         0x0000347a        0x2 ff
 .rodata.simConfig_BOARD_BootClockRUN
                0x0000347c        0x8 ./board/clock_config.o
                0x0000347c                simConfig_BOARD_BootClockRUN
 .rodata.__num_Ciob_streams
                0x00003484        0x4 c:/nxp/mcuxpressoide_10.3.0_2200/ide/plugins/com.nxp.mcuxpresso.tools.win32_10.3.0.201811011841/tools/bin/../lib/gcc/arm-none-eabi/7.3.1/../../../../arm-none-eabi/lib/thumb/v6-m\libcr_semihost_nf.a(__ciob.o)
                0x00003484                __num_Ciob_streams
 .rodata.__assertion_failed.str1.1
                0x00003488       0x15 c:/nxp/mcuxpressoide_10.3.0_2200/ide/plugins/com.nxp.mcuxpresso.tools.win32_10.3.0.201811011841/tools/bin/../lib/gcc/arm-none-eabi/7.3.1/../../../../arm-none-eabi/lib/thumb/v6-m\libcr_semihost_nf.a(_cr_assert.o)
 .rodata._Csys_alloc.str1.1
                0x0000349d       0x18 c:/nxp/mcuxpressoide_10.3.0_2200/ide/plugins/com.nxp.mcuxpresso.tools.win32_10.3.0.201811011841/tools/bin/../lib/gcc/arm-none-eabi/7.3.1/../../../../arm-none-eabi/lib/thumb/v6-m\libcr_c.a(alloc.o)
 .rodata._initio.str1.1
                0x000034b5        0x4 c:/nxp/mcuxpressoide_10.3.0_2200/ide/plugins/com.nxp.mcuxpresso.tools.win32_10.3.0.201811011841/tools/bin/../lib/gcc/arm-none-eabi/7.3.1/../../../../arm-none-eabi/lib/thumb/v6-m\libcr_c.a(initio.o)
 .rodata.__vfprintf.str1.1
                0x000034b9       0x35 c:/nxp/mcuxpressoide_10.3.0_2200/ide/plugins/com.nxp.mcuxpresso.tools.win32_10.3.0.201811011841/tools/bin/../lib/gcc/arm-none-eabi/7.3.1/../../../../arm-none-eabi/lib/thumb/v6-m\libcr_c.a(printf.o)
                                 0x38 (size before relaxing)
                0x000034f0                . = ALIGN (0x4)
 *fill*         0x000034ee        0x2 ff

.glue_7         0x000034f0        0x0
 .glue_7        0x000034f0        0x0 linker stubs

.glue_7t        0x000034f0        0x0
 .glue_7t       0x000034f0        0x0 linker stubs

.vfp11_veneer   0x000034f0        0x0
 .vfp11_veneer  0x000034f0        0x0 linker stubs

.v4_bx          0x000034f0        0x0
 .v4_bx         0x000034f0        0x0 linker stubs

.iplt           0x000034f0        0x0
 .iplt          0x000034f0        0x0 ./utilities/fsl_debug_console.o

.rel.dyn        0x000034f0        0x0
 .rel.iplt      0x000034f0        0x0 ./utilities/fsl_debug_console.o

.ARM.extab
 *(SORT_BY_ALIGNMENT(.ARM.extab*) SORT_BY_ALIGNMENT(.gnu.linkonce.armextab.*))
                0x000034f0                __exidx_start = .

.ARM.exidx
 *(SORT_BY_ALIGNMENT(.ARM.exidx*) SORT_BY_ALIGNMENT(.gnu.linkonce.armexidx.*))
                0x000034f0                __exidx_end = .
                0x000034f0                _etext = .

.mtb_buffer_RAM2
 *(SORT_BY_ALIGNMENT(.mtb.$RAM2*))
 *(SORT_BY_ALIGNMENT(.mtb.$FLEX_RAM*))

.data_RAM2      0x14000000        0x0 load address 0x000034f0
 FILL mask 0xff
                [!provide]                PROVIDE (__start_data_RAM2 = .)
 *(SORT_BY_ALIGNMENT(.ramfunc.$RAM2))
 *(SORT_BY_ALIGNMENT(.ramfunc.$FLEX_RAM))
 *(SORT_BY_ALIGNMENT(.data.$RAM2*))
 *(SORT_BY_ALIGNMENT(.data.$FLEX_RAM*))
                0x14000000                . = ALIGN (0x4)
                [!provide]                PROVIDE (__end_data_RAM2 = .)

.mtb_buffer_default
                0x1fffc000       0x80
 *(SORT_BY_ALIGNMENT(.mtb*))
 .mtb.$RAM1     0x1fffc000       0x80 ./source/mtb.o
                0x1fffc000                __mtb_buffer__

.uninit_RESERVED
                0x1fffc080        0x0
 *(SORT_BY_ALIGNMENT(.bss.$RESERVED*))
                0x1fffc080                . = ALIGN (0x4)
                0x1fffc080                _end_uninit_RESERVED = .

.data           0x1fffc080        0x4 load address 0x000034f0
 FILL mask 0xff
                0x1fffc080                _data = .
 *(SORT_BY_ALIGNMENT(vtable))
 *(SORT_BY_ALIGNMENT(.ramfunc*))
 *(SORT_BY_ALIGNMENT(.data*))
 .data.SystemCoreClock
                0x1fffc080        0x4 ./CMSIS/system_MKW36Z4.o
                0x1fffc080                SystemCoreClock
                0x1fffc084                . = ALIGN (0x4)
                0x1fffc084                _edata = .

.igot.plt       0x1fffc084        0x0 load address 0x000034f4
 .igot.plt      0x1fffc084        0x0 ./utilities/fsl_debug_console.o

.bss_RAM2       0x14000000        0x0
                [!provide]                PROVIDE (__start_bss_RAM2 = .)
 *(SORT_BY_ALIGNMENT(.bss.$RAM2*))
 *(SORT_BY_ALIGNMENT(.bss.$FLEX_RAM*))
                0x14000000                . = ALIGN ((. != 0x0)?0x4:0x1)
                [!provide]                PROVIDE (__end_bss_RAM2 = .)

.bss            0x1fffc084      0x170
                0x1fffc084                _bss = .
 *(SORT_BY_ALIGNMENT(.bss*))
 .bss.s_debugConsole
                0x1fffc084       0x10 ./utilities/fsl_debug_console.o
 .bss.i.5757    0x1fffc094        0x4 ./source/ArqSwAutomotriz_HMI.o
 .bss.pxCurrentTCB
                0x1fffc098        0x4 ./freertos/tasks.o
                0x1fffc098                pxCurrentTCB
 .bss.pxReadyTasksLists
                0x1fffc09c       0x64 ./freertos/tasks.o
 .bss.pxDelayedTaskList
                0x1fffc100        0x4 ./freertos/tasks.o
 .bss.pxOverflowDelayedTaskList
                0x1fffc104        0x4 ./freertos/tasks.o
 .bss.xTickCount
                0x1fffc108        0x4 ./freertos/tasks.o
 .bss.uxTopReadyPriority
                0x1fffc10c        0x4 ./freertos/tasks.o
 .bss.uxPendedTicks
                0x1fffc110        0x4 ./freertos/tasks.o
 .bss.xYieldPending
                0x1fffc114        0x4 ./freertos/tasks.o
 .bss.xNumOfOverflows
                0x1fffc118        0x4 ./freertos/tasks.o
 .bss.xNextTaskUnblockTime
                0x1fffc11c        0x4 ./freertos/tasks.o
 .bss.uxSchedulerSuspended
                0x1fffc120        0x4 ./freertos/tasks.o
 .bss.g_xtal0Freq
                0x1fffc124        0x4 ./drivers/fsl_clock.o
                0x1fffc124                g_xtal0Freq
 .bss.s_lpuartHandle
                0x1fffc128        0x8 ./drivers/fsl_lpuart.o
 .bss.s_lpuartIsr
                0x1fffc130        0x4 ./drivers/fsl_lpuart.o
 .bss.__Ciob    0x1fffc134       0xb4 c:/nxp/mcuxpressoide_10.3.0_2200/ide/plugins/com.nxp.mcuxpresso.tools.win32_10.3.0.201811011841/tools/bin/../lib/gcc/arm-none-eabi/7.3.1/../../../../arm-none-eabi/lib/thumb/v6-m\libcr_semihost_nf.a(__ciob.o)
                0x1fffc134                __Ciob
 .bss.__end_of_heap
                0x1fffc1e8        0x4 c:/nxp/mcuxpressoide_10.3.0_2200/ide/plugins/com.nxp.mcuxpresso.tools.win32_10.3.0.201811011841/tools/bin/../lib/gcc/arm-none-eabi/7.3.1/../../../../arm-none-eabi/lib/thumb/v6-m\libcr_c.a(__init_alloc.o)
                0x1fffc1e8                __end_of_heap
 .bss.__heaps   0x1fffc1ec        0x4 c:/nxp/mcuxpressoide_10.3.0_2200/ide/plugins/com.nxp.mcuxpresso.tools.win32_10.3.0.201811011841/tools/bin/../lib/gcc/arm-none-eabi/7.3.1/../../../../arm-none-eabi/lib/thumb/v6-m\libcr_c.a(__init_alloc.o)
                0x1fffc1ec                __heaps
 .bss.errno     0x1fffc1f0        0x4 c:/nxp/mcuxpressoide_10.3.0_2200/ide/plugins/com.nxp.mcuxpresso.tools.win32_10.3.0.201811011841/tools/bin/../lib/gcc/arm-none-eabi/7.3.1/../../../../arm-none-eabi/lib/thumb/v6-m\libcr_c.a(errno.o)
                0x1fffc1f0                errno
 *(SORT_BY_ALIGNMENT(COMMON))
                0x1fffc1f4                . = ALIGN (0x4)
                0x1fffc1f4                _ebss = .
                [!provide]                PROVIDE (end = .)

.noinit_RAM2    0x14000000        0x0
 *(SORT_BY_ALIGNMENT(.noinit.$RAM2*))
 *(SORT_BY_ALIGNMENT(.noinit.$FLEX_RAM*))
                0x14000000                . = ALIGN (0x4)

.noinit         0x1fffc1f4        0x0
                0x1fffc1f4                _noinit = .
 *(SORT_BY_ALIGNMENT(.noinit*))
                0x1fffc1f4                . = ALIGN (0x4)
                0x1fffc1f4                _end_noinit = .
                0x00001000                _HeapSize = 0x1000

.heap           0x1fffc1f4     0x1000
                0x1fffc1f4                _pvHeapStart = .
                0x1fffd1f4                . = (. + _HeapSize)
 *fill*         0x1fffc1f4     0x1000 
                0x1fffd1f4                . = ALIGN (0x4)
                0x1fffd1f4                _pvHeapLimit = .
                0x00001000                _StackSize = 0x1000

.heap2stackfill
                0x1fffd1f4     0x1000
                0x1fffe1f4                . = (. + _StackSize)
 *fill*         0x1fffd1f4     0x1000 

.stack          0x2000b000        0x0
                0x2000b000                _vStackBase = .
                0x2000b000                . = ALIGN (0x4)
                0x2000c000                _vStackTop = (. + _StackSize)
                0x00000000                _image_start = LOADADDR (.text)
                0x000034f4                _image_end = (LOADADDR (.data) + SIZEOF (.data))
                0x000034f4                _image_size = (_image_end - _image_start)
OUTPUT(ArqSwAutomotriz_HMI.axf elf32-littlearm)

.debug_info     0x00000000     0x7581
 .debug_info    0x00000000      0x796 ./utilities/fsl_debug_console.o
 .debug_info    0x00000796      0x48f ./startup/startup_mkw36z4.o
 .debug_info    0x00000c25      0x499 ./source/ArqSwAutomotriz_HMI.o
 .debug_info    0x000010be       0x52 ./source/mtb.o
 .debug_info    0x00001110       0x3b ./source/semihost_hardfault.o
 .debug_info    0x0000114b      0x2c4 ./freertos/list.o
 .debug_info    0x0000140f      0x25e ./freertos/port.o
 .debug_info    0x0000166d     0x1768 ./freertos/tasks.o
 .debug_info    0x00002dd5     0x1388 ./drivers/fsl_clock.o
 .debug_info    0x0000415d     0x14f3 ./drivers/fsl_lpuart.o
 .debug_info    0x00005650      0x70f ./board/board.o
 .debug_info    0x00005d5f      0xe4e ./board/clock_config.o
 .debug_info    0x00006bad       0x3b ./board/peripherals.o
 .debug_info    0x00006be8      0x5c1 ./board/pin_mux.o
 .debug_info    0x000071a9      0x3d8 ./CMSIS/system_MKW36Z4.o

.debug_abbrev   0x00000000     0x1731
 .debug_abbrev  0x00000000      0x1e8 ./utilities/fsl_debug_console.o
 .debug_abbrev  0x000001e8      0x189 ./startup/startup_mkw36z4.o
 .debug_abbrev  0x00000371      0x12e ./source/ArqSwAutomotriz_HMI.o
 .debug_abbrev  0x0000049f       0x44 ./source/mtb.o
 .debug_abbrev  0x000004e3       0x2f ./source/semihost_hardfault.o
 .debug_abbrev  0x00000512      0x112 ./freertos/list.o
 .debug_abbrev  0x00000624      0x195 ./freertos/port.o
 .debug_abbrev  0x000007b9      0x291 ./freertos/tasks.o
 .debug_abbrev  0x00000a4a      0x317 ./drivers/fsl_clock.o
 .debug_abbrev  0x00000d61      0x2f2 ./drivers/fsl_lpuart.o
 .debug_abbrev  0x00001053      0x185 ./board/board.o
 .debug_abbrev  0x000011d8      0x255 ./board/clock_config.o
 .debug_abbrev  0x0000142d       0x2f ./board/peripherals.o
 .debug_abbrev  0x0000145c      0x199 ./board/pin_mux.o
 .debug_abbrev  0x000015f5      0x13c ./CMSIS/system_MKW36Z4.o

.debug_aranges  0x00000000      0x830
 .debug_aranges
                0x00000000       0x38 ./utilities/fsl_debug_console.o
 .debug_aranges
                0x00000038      0x160 ./startup/startup_mkw36z4.o
 .debug_aranges
                0x00000198       0x20 ./source/ArqSwAutomotriz_HMI.o
 .debug_aranges
                0x000001b8       0x18 ./source/mtb.o
 .debug_aranges
                0x000001d0       0x20 ./source/semihost_hardfault.o
 .debug_aranges
                0x000001f0       0x40 ./freertos/list.o
 .debug_aranges
                0x00000230       0x80 ./freertos/port.o
 .debug_aranges
                0x000002b0      0x1e8 ./freertos/tasks.o
 .debug_aranges
                0x00000498      0x168 ./drivers/fsl_clock.o
 .debug_aranges
                0x00000600      0x120 ./drivers/fsl_lpuart.o
 .debug_aranges
                0x00000720       0x28 ./board/board.o
 .debug_aranges
                0x00000748       0x68 ./board/clock_config.o
 .debug_aranges
                0x000007b0       0x20 ./board/peripherals.o
 .debug_aranges
                0x000007d0       0x38 ./board/pin_mux.o
 .debug_aranges
                0x00000808       0x28 ./CMSIS/system_MKW36Z4.o

.debug_ranges   0x00000000      0x738
 .debug_ranges  0x00000000       0x28 ./utilities/fsl_debug_console.o
 .debug_ranges  0x00000028      0x150 ./startup/startup_mkw36z4.o
 .debug_ranges  0x00000178       0x10 ./source/ArqSwAutomotriz_HMI.o
 .debug_ranges  0x00000188       0x10 ./source/semihost_hardfault.o
 .debug_ranges  0x00000198       0x30 ./freertos/list.o
 .debug_ranges  0x000001c8       0x70 ./freertos/port.o
 .debug_ranges  0x00000238      0x1d8 ./freertos/tasks.o
 .debug_ranges  0x00000410      0x158 ./drivers/fsl_clock.o
 .debug_ranges  0x00000568      0x110 ./drivers/fsl_lpuart.o
 .debug_ranges  0x00000678       0x18 ./board/board.o
 .debug_ranges  0x00000690       0x58 ./board/clock_config.o
 .debug_ranges  0x000006e8       0x10 ./board/peripherals.o
 .debug_ranges  0x000006f8       0x28 ./board/pin_mux.o
 .debug_ranges  0x00000720       0x18 ./CMSIS/system_MKW36Z4.o

.debug_macro    0x00000000    0x12299
 .debug_macro   0x00000000      0x131 ./utilities/fsl_debug_console.o
 .debug_macro   0x00000131      0xa8a ./utilities/fsl_debug_console.o
 .debug_macro   0x00000bbb       0x10 ./utilities/fsl_debug_console.o
 .debug_macro   0x00000bcb       0x16 ./utilities/fsl_debug_console.o
 .debug_macro   0x00000be1       0x10 ./utilities/fsl_debug_console.o
 .debug_macro   0x00000bf1      0x12d ./utilities/fsl_debug_console.o
 .debug_macro   0x00000d1e       0x28 ./utilities/fsl_debug_console.o
 .debug_macro   0x00000d46       0xc4 ./utilities/fsl_debug_console.o
 .debug_macro   0x00000e0a       0x16 ./utilities/fsl_debug_console.o
 .debug_macro   0x00000e20       0x22 ./utilities/fsl_debug_console.o
 .debug_macro   0x00000e42      0x5b2 ./utilities/fsl_debug_console.o
 .debug_macro   0x000013f4       0x10 ./utilities/fsl_debug_console.o
 .debug_macro   0x00001404       0x3f ./utilities/fsl_debug_console.o
 .debug_macro   0x00001443       0x3a ./utilities/fsl_debug_console.o
 .debug_macro   0x0000147d       0x26 ./utilities/fsl_debug_console.o
 .debug_macro   0x000014a3      0x329 ./utilities/fsl_debug_console.o
 .debug_macro   0x000017cc       0x3a ./utilities/fsl_debug_console.o
 .debug_macro   0x00001806     0xe29c ./utilities/fsl_debug_console.o
 .debug_macro   0x0000faa2     0x16fd ./utilities/fsl_debug_console.o
 .debug_macro   0x0001119f       0x40 ./utilities/fsl_debug_console.o
 .debug_macro   0x000111df       0xf6 ./utilities/fsl_debug_console.o
 .debug_macro   0x000112d5       0x51 ./utilities/fsl_debug_console.o
 .debug_macro   0x00011326       0xd2 ./utilities/fsl_debug_console.o
 .debug_macro   0x000113f8       0x2e ./utilities/fsl_debug_console.o
 .debug_macro   0x00011426       0x10 ./utilities/fsl_debug_console.o
 .debug_macro   0x00011436       0x29 ./startup/startup_mkw36z4.o
 .debug_macro   0x0001145f      0x13b ./source/ArqSwAutomotriz_HMI.o
 .debug_macro   0x0001159a       0xd8 ./source/ArqSwAutomotriz_HMI.o
 .debug_macro   0x00011672       0x16 ./source/ArqSwAutomotriz_HMI.o
 .debug_macro   0x00011688       0x10 ./source/ArqSwAutomotriz_HMI.o
 .debug_macro   0x00011698      0x124 ./source/ArqSwAutomotriz_HMI.o
 .debug_macro   0x000117bc       0x34 ./source/ArqSwAutomotriz_HMI.o
 .debug_macro   0x000117f0       0x2f ./source/mtb.o
 .debug_macro   0x0001181f       0x82 ./source/mtb.o
 .debug_macro   0x000118a1       0x10 ./source/mtb.o
 .debug_macro   0x000118b1       0x11 ./source/semihost_hardfault.o
 .debug_macro   0x000118c2       0xb9 ./freertos/list.o
 .debug_macro   0x0001197b       0xcf ./freertos/port.o
 .debug_macro   0x00011a4a      0x182 ./freertos/tasks.o
 .debug_macro   0x00011bcc       0x11 ./freertos/tasks.o
 .debug_macro   0x00011bdd      0x1a2 ./drivers/fsl_clock.o
 .debug_macro   0x00011d7f       0x1c ./drivers/fsl_clock.o
 .debug_macro   0x00011d9b       0xec ./drivers/fsl_lpuart.o
 .debug_macro   0x00011e87      0x125 ./board/board.o
 .debug_macro   0x00011fac       0x1c ./board/board.o
 .debug_macro   0x00011fc8      0x105 ./board/clock_config.o
 .debug_macro   0x000120cd       0x1b ./board/peripherals.o
 .debug_macro   0x000120e8      0x10d ./board/pin_mux.o
 .debug_macro   0x000121f5       0x10 ./board/pin_mux.o
 .debug_macro   0x00012205       0x94 ./CMSIS/system_MKW36Z4.o

.debug_line     0x00000000     0x376f
 .debug_line    0x00000000      0x324 ./utilities/fsl_debug_console.o
 .debug_line    0x00000324      0x128 ./startup/startup_mkw36z4.o
 .debug_line    0x0000044c      0x2f7 ./source/ArqSwAutomotriz_HMI.o
 .debug_line    0x00000743       0xd1 ./source/mtb.o
 .debug_line    0x00000814       0x54 ./source/semihost_hardfault.o
 .debug_line    0x00000868      0x290 ./freertos/list.o
 .debug_line    0x00000af8      0x347 ./freertos/port.o
 .debug_line    0x00000e3f      0xd59 ./freertos/tasks.o
 .debug_line    0x00001b98      0x7d4 ./drivers/fsl_clock.o
 .debug_line    0x0000236c      0x84a ./drivers/fsl_lpuart.o
 .debug_line    0x00002bb6      0x2d1 ./board/board.o
 .debug_line    0x00002e87      0x36b ./board/clock_config.o
 .debug_line    0x000031f2       0x58 ./board/peripherals.o
 .debug_line    0x0000324a      0x2be ./board/pin_mux.o
 .debug_line    0x00003508      0x267 ./CMSIS/system_MKW36Z4.o

.debug_str      0x00000000    0x9fda0
 .debug_str     0x00000000    0x9686f ./utilities/fsl_debug_console.o
                              0x96adc (size before relaxing)
 .debug_str     0x0009686f      0x3e4 ./startup/startup_mkw36z4.o
                               0x3168 (size before relaxing)
 .debug_str     0x00096c53      0xd9a ./source/ArqSwAutomotriz_HMI.o
                              0x969b8 (size before relaxing)
 .debug_str     0x000979ed      0x532 ./source/mtb.o
                               0x3264 (size before relaxing)
 .debug_str     0x00097f1f       0x1f ./source/semihost_hardfault.o
                               0x2d51 (size before relaxing)
 .debug_str     0x00097f3e     0x2e81 ./freertos/list.o
                               0x7361 (size before relaxing)
 .debug_str     0x0009adbf      0xbd2 ./freertos/port.o
                               0x7dea (size before relaxing)
 .debug_str     0x0009b991     0x1b96 ./freertos/tasks.o
                               0x952e (size before relaxing)
 .debug_str     0x0009d527     0x10e5 ./drivers/fsl_clock.o
                              0x9714d (size before relaxing)
 .debug_str     0x0009e60c      0xeda ./drivers/fsl_lpuart.o
                              0x96ee2 (size before relaxing)
 .debug_str     0x0009f4e6       0x4d ./board/board.o
                              0x96ac6 (size before relaxing)
 .debug_str     0x0009f533      0x5bd ./board/clock_config.o
                              0x967a3 (size before relaxing)
 .debug_str     0x0009faf0       0x31 ./board/peripherals.o
                               0x2d62 (size before relaxing)
 .debug_str     0x0009fb21      0x230 ./board/pin_mux.o
                              0x95d04 (size before relaxing)
 .debug_str     0x0009fd51       0x4f ./CMSIS/system_MKW36Z4.o
                              0x94e18 (size before relaxing)

.comment        0x00000000       0x7f
 .comment       0x00000000       0x7f ./utilities/fsl_debug_console.o
                                 0x80 (size before relaxing)
 .comment       0x0000007f       0x80 ./startup/startup_mkw36z4.o
 .comment       0x0000007f       0x80 ./source/ArqSwAutomotriz_HMI.o
 .comment       0x0000007f       0x80 ./source/mtb.o
 .comment       0x0000007f       0x80 ./source/semihost_hardfault.o
 .comment       0x0000007f       0x80 ./freertos/list.o
 .comment       0x0000007f       0x80 ./freertos/port.o
 .comment       0x0000007f       0x80 ./freertos/tasks.o
 .comment       0x0000007f       0x80 ./drivers/fsl_clock.o
 .comment       0x0000007f       0x80 ./drivers/fsl_lpuart.o
 .comment       0x0000007f       0x80 ./board/board.o
 .comment       0x0000007f       0x80 ./board/clock_config.o
 .comment       0x0000007f       0x80 ./board/peripherals.o
 .comment       0x0000007f       0x80 ./board/pin_mux.o
 .comment       0x0000007f       0x80 ./CMSIS/system_MKW36Z4.o
 .comment       0x0000007f       0x80 c:/nxp/mcuxpressoide_10.3.0_2200/ide/plugins/com.nxp.mcuxpresso.tools.win32_10.3.0.201811011841/tools/bin/../lib/gcc/arm-none-eabi/7.3.1/../../../../arm-none-eabi/lib/thumb/v6-m\libcr_semihost_nf.a(_cr__main.o)
 .comment       0x0000007f       0x80 c:/nxp/mcuxpressoide_10.3.0_2200/ide/plugins/com.nxp.mcuxpresso.tools.win32_10.3.0.201811011841/tools/bin/../lib/gcc/arm-none-eabi/7.3.1/../../../../arm-none-eabi/lib/thumb/v6-m\libcr_semihost_nf.a(_cr_assert.o)
 .comment       0x0000007f       0x80 c:/nxp/mcuxpressoide_10.3.0_2200/ide/plugins/com.nxp.mcuxpresso.tools.win32_10.3.0.201811011841/tools/bin/../lib/gcc/arm-none-eabi/7.3.1/../../../../arm-none-eabi/lib/thumb/v6-m\libcr_semihost_nf.a(__ciob.o)
 .comment       0x0000007f       0x80 c:/nxp/mcuxpressoide_10.3.0_2200/ide/plugins/com.nxp.mcuxpresso.tools.win32_10.3.0.201811011841/tools/bin/../lib/gcc/arm-none-eabi/7.3.1/../../../../arm-none-eabi/lib/thumb/v6-m\libcr_c.a(memset.o)
 .comment       0x0000007f       0x80 c:/nxp/mcuxpressoide_10.3.0_2200/ide/plugins/com.nxp.mcuxpresso.tools.win32_10.3.0.201811011841/tools/bin/../lib/gcc/arm-none-eabi/7.3.1/../../../../arm-none-eabi/lib/thumb/v6-m\libcr_c.a(_deferredlazyseek.o)
 .comment       0x0000007f       0x80 c:/nxp/mcuxpressoide_10.3.0_2200/ide/plugins/com.nxp.mcuxpresso.tools.win32_10.3.0.201811011841/tools/bin/../lib/gcc/arm-none-eabi/7.3.1/../../../../arm-none-eabi/lib/thumb/v6-m\libcr_c.a(_fflush.o)
 .comment       0x0000007f       0x80 c:/nxp/mcuxpressoide_10.3.0_2200/ide/plugins/com.nxp.mcuxpresso.tools.win32_10.3.0.201811011841/tools/bin/../lib/gcc/arm-none-eabi/7.3.1/../../../../arm-none-eabi/lib/thumb/v6-m\libcr_c.a(_writebuf.o)
 .comment       0x0000007f       0x80 c:/nxp/mcuxpressoide_10.3.0_2200/ide/plugins/com.nxp.mcuxpresso.tools.win32_10.3.0.201811011841/tools/bin/../lib/gcc/arm-none-eabi/7.3.1/../../../../arm-none-eabi/lib/thumb/v6-m\libcr_c.a(alloc.o)
 .comment       0x0000007f       0x80 c:/nxp/mcuxpressoide_10.3.0_2200/ide/plugins/com.nxp.mcuxpresso.tools.win32_10.3.0.201811011841/tools/bin/../lib/gcc/arm-none-eabi/7.3.1/../../../../arm-none-eabi/lib/thumb/v6-m\libcr_c.a(fputs.o)
 .comment       0x0000007f       0x80 c:/nxp/mcuxpressoide_10.3.0_2200/ide/plugins/com.nxp.mcuxpresso.tools.win32_10.3.0.201811011841/tools/bin/../lib/gcc/arm-none-eabi/7.3.1/../../../../arm-none-eabi/lib/thumb/v6-m\libcr_c.a(fseek.o)
 .comment       0x0000007f       0x80 c:/nxp/mcuxpressoide_10.3.0_2200/ide/plugins/com.nxp.mcuxpresso.tools.win32_10.3.0.201811011841/tools/bin/../lib/gcc/arm-none-eabi/7.3.1/../../../../arm-none-eabi/lib/thumb/v6-m\libcr_c.a(ftell.o)
 .comment       0x0000007f       0x80 c:/nxp/mcuxpressoide_10.3.0_2200/ide/plugins/com.nxp.mcuxpresso.tools.win32_10.3.0.201811011841/tools/bin/../lib/gcc/arm-none-eabi/7.3.1/../../../../arm-none-eabi/lib/thumb/v6-m\libcr_c.a(initio.o)
 .comment       0x0000007f       0x80 c:/nxp/mcuxpressoide_10.3.0_2200/ide/plugins/com.nxp.mcuxpresso.tools.win32_10.3.0.201811011841/tools/bin/../lib/gcc/arm-none-eabi/7.3.1/../../../../arm-none-eabi/lib/thumb/v6-m\libcr_c.a(printf.o)
 .comment       0x0000007f       0x80 c:/nxp/mcuxpressoide_10.3.0_2200/ide/plugins/com.nxp.mcuxpresso.tools.win32_10.3.0.201811011841/tools/bin/../lib/gcc/arm-none-eabi/7.3.1/../../../../arm-none-eabi/lib/thumb/v6-m\libcr_c.a(setvbuf.o)
 .comment       0x0000007f       0x80 c:/nxp/mcuxpressoide_10.3.0_2200/ide/plugins/com.nxp.mcuxpresso.tools.win32_10.3.0.201811011841/tools/bin/../lib/gcc/arm-none-eabi/7.3.1/../../../../arm-none-eabi/lib/thumb/v6-m\libcr_c.a(strlen.o)
 .comment       0x0000007f       0x80 c:/nxp/mcuxpressoide_10.3.0_2200/ide/plugins/com.nxp.mcuxpresso.tools.win32_10.3.0.201811011841/tools/bin/../lib/gcc/arm-none-eabi/7.3.1/../../../../arm-none-eabi/lib/thumb/v6-m\libcr_c.a(__init_alloc.o)
 .comment       0x0000007f       0x80 c:/nxp/mcuxpressoide_10.3.0_2200/ide/plugins/com.nxp.mcuxpresso.tools.win32_10.3.0.201811011841/tools/bin/../lib/gcc/arm-none-eabi/7.3.1/../../../../arm-none-eabi/lib/thumb/v6-m\libcr_c.a(_cr_sbrk.o)
 .comment       0x0000007f       0x80 c:/nxp/mcuxpressoide_10.3.0_2200/ide/plugins/com.nxp.mcuxpresso.tools.win32_10.3.0.201811011841/tools/bin/../lib/gcc/arm-none-eabi/7.3.1/../../../../arm-none-eabi/lib/thumb/v6-m\libcr_c.a(_fdopen.o)
 .comment       0x0000007f       0x80 c:/nxp/mcuxpressoide_10.3.0_2200/ide/plugins/com.nxp.mcuxpresso.tools.win32_10.3.0.201811011841/tools/bin/../lib/gcc/arm-none-eabi/7.3.1/../../../../arm-none-eabi/lib/thumb/v6-m\libcr_c.a(errno.o)
 .comment       0x0000007f       0x80 c:/nxp/mcuxpressoide_10.3.0_2200/ide/plugins/com.nxp.mcuxpresso.tools.win32_10.3.0.201811011841/tools/bin/../lib/gcc/arm-none-eabi/7.3.1/../../../../arm-none-eabi/lib/thumb/v6-m\libcr_c.a(fclose.o)
 .comment       0x0000007f       0x80 c:/nxp/mcuxpressoide_10.3.0_2200/ide/plugins/com.nxp.mcuxpresso.tools.win32_10.3.0.201811011841/tools/bin/../lib/gcc/arm-none-eabi/7.3.1/../../../../arm-none-eabi/lib/thumb/v6-m\libcr_c.a(fflush.o)
 .comment       0x0000007f       0x80 c:/nxp/mcuxpressoide_10.3.0_2200/ide/plugins/com.nxp.mcuxpresso.tools.win32_10.3.0.201811011841/tools/bin/../lib/gcc/arm-none-eabi/7.3.1/../../../../arm-none-eabi/lib/thumb/v6-m\libcr_c.a(remove.o)
 .comment       0x0000007f       0x80 c:/nxp/mcuxpressoide_10.3.0_2200/ide/plugins/com.nxp.mcuxpresso.tools.win32_10.3.0.201811011841/tools/bin/../lib/gcc/arm-none-eabi/7.3.1/../../../../arm-none-eabi/lib/thumb/v6-m\libcr_c.a(_cr_check_heap.o)
 .comment       0x0000007f       0x80 c:/nxp/mcuxpressoide_10.3.0_2200/ide/plugins/com.nxp.mcuxpresso.tools.win32_10.3.0.201811011841/tools/bin/../lib/gcc/arm-none-eabi/7.3.1/../../../../arm-none-eabi/lib/thumb/v6-m\libcr_c.a(_do_fflush.o)

.ARM.attributes
                0x00000000       0x30
 .ARM.attributes
                0x00000000       0x32 ./utilities/fsl_debug_console.o
 .ARM.attributes
                0x00000032       0x32 ./startup/startup_mkw36z4.o
 .ARM.attributes
                0x00000064       0x32 ./source/ArqSwAutomotriz_HMI.o
 .ARM.attributes
                0x00000096       0x32 ./source/mtb.o
 .ARM.attributes
                0x000000c8       0x32 ./source/semihost_hardfault.o
 .ARM.attributes
                0x000000fa       0x32 ./freertos/list.o
 .ARM.attributes
                0x0000012c       0x32 ./freertos/port.o
 .ARM.attributes
                0x0000015e       0x32 ./freertos/tasks.o
 .ARM.attributes
                0x00000190       0x32 ./drivers/fsl_clock.o
 .ARM.attributes
                0x000001c2       0x32 ./drivers/fsl_lpuart.o
 .ARM.attributes
                0x000001f4       0x32 ./board/board.o
 .ARM.attributes
                0x00000226       0x32 ./board/clock_config.o
 .ARM.attributes
                0x00000258       0x32 ./board/peripherals.o
 .ARM.attributes
                0x0000028a       0x32 ./board/pin_mux.o
 .ARM.attributes
                0x000002bc       0x32 ./CMSIS/system_MKW36Z4.o
 .ARM.attributes
                0x000002ee       0x31 c:/nxp/mcuxpressoide_10.3.0_2200/ide/plugins/com.nxp.mcuxpresso.tools.win32_10.3.0.201811011841/tools/bin/../lib/gcc/arm-none-eabi/7.3.1/../../../../arm-none-eabi/lib/thumb/v6-m\libcr_semihost_nf.a(_cr__main.o)
 .ARM.attributes
                0x0000031f       0x31 c:/nxp/mcuxpressoide_10.3.0_2200/ide/plugins/com.nxp.mcuxpresso.tools.win32_10.3.0.201811011841/tools/bin/../lib/gcc/arm-none-eabi/7.3.1/../../../../arm-none-eabi/lib/thumb/v6-m\libcr_semihost_nf.a(_cr_assert.o)
 .ARM.attributes
                0x00000350       0x31 c:/nxp/mcuxpressoide_10.3.0_2200/ide/plugins/com.nxp.mcuxpresso.tools.win32_10.3.0.201811011841/tools/bin/../lib/gcc/arm-none-eabi/7.3.1/../../../../arm-none-eabi/lib/thumb/v6-m\libcr_semihost_nf.a(__ciob.o)
 .ARM.attributes
                0x00000381       0x21 c:/nxp/mcuxpressoide_10.3.0_2200/ide/plugins/com.nxp.mcuxpresso.tools.win32_10.3.0.201811011841/tools/bin/../lib/gcc/arm-none-eabi/7.3.1/../../../../arm-none-eabi/lib/thumb/v6-m\libcr_semihost_nf.a(__sys_appexit.o)
 .ARM.attributes
                0x000003a2       0x31 c:/nxp/mcuxpressoide_10.3.0_2200/ide/plugins/com.nxp.mcuxpresso.tools.win32_10.3.0.201811011841/tools/bin/../lib/gcc/arm-none-eabi/7.3.1/../../../../arm-none-eabi/lib/thumb/v6-m\libcr_c.a(memset.o)
 .ARM.attributes
                0x000003d3       0x31 c:/nxp/mcuxpressoide_10.3.0_2200/ide/plugins/com.nxp.mcuxpresso.tools.win32_10.3.0.201811011841/tools/bin/../lib/gcc/arm-none-eabi/7.3.1/../../../../arm-none-eabi/lib/thumb/v6-m\libcr_c.a(_deferredlazyseek.o)
 .ARM.attributes
                0x00000404       0x31 c:/nxp/mcuxpressoide_10.3.0_2200/ide/plugins/com.nxp.mcuxpresso.tools.win32_10.3.0.201811011841/tools/bin/../lib/gcc/arm-none-eabi/7.3.1/../../../../arm-none-eabi/lib/thumb/v6-m\libcr_c.a(_fflush.o)
 .ARM.attributes
                0x00000435       0x31 c:/nxp/mcuxpressoide_10.3.0_2200/ide/plugins/com.nxp.mcuxpresso.tools.win32_10.3.0.201811011841/tools/bin/../lib/gcc/arm-none-eabi/7.3.1/../../../../arm-none-eabi/lib/thumb/v6-m\libcr_c.a(_writebuf.o)
 .ARM.attributes
                0x00000466       0x31 c:/nxp/mcuxpressoide_10.3.0_2200/ide/plugins/com.nxp.mcuxpresso.tools.win32_10.3.0.201811011841/tools/bin/../lib/gcc/arm-none-eabi/7.3.1/../../../../arm-none-eabi/lib/thumb/v6-m\libcr_c.a(alloc.o)
 .ARM.attributes
                0x00000497       0x31 c:/nxp/mcuxpressoide_10.3.0_2200/ide/plugins/com.nxp.mcuxpresso.tools.win32_10.3.0.201811011841/tools/bin/../lib/gcc/arm-none-eabi/7.3.1/../../../../arm-none-eabi/lib/thumb/v6-m\libcr_c.a(fputs.o)
 .ARM.attributes
                0x000004c8       0x31 c:/nxp/mcuxpressoide_10.3.0_2200/ide/plugins/com.nxp.mcuxpresso.tools.win32_10.3.0.201811011841/tools/bin/../lib/gcc/arm-none-eabi/7.3.1/../../../../arm-none-eabi/lib/thumb/v6-m\libcr_c.a(fseek.o)
 .ARM.attributes
                0x000004f9       0x31 c:/nxp/mcuxpressoide_10.3.0_2200/ide/plugins/com.nxp.mcuxpresso.tools.win32_10.3.0.201811011841/tools/bin/../lib/gcc/arm-none-eabi/7.3.1/../../../../arm-none-eabi/lib/thumb/v6-m\libcr_c.a(ftell.o)
 .ARM.attributes
                0x0000052a       0x31 c:/nxp/mcuxpressoide_10.3.0_2200/ide/plugins/com.nxp.mcuxpresso.tools.win32_10.3.0.201811011841/tools/bin/../lib/gcc/arm-none-eabi/7.3.1/../../../../arm-none-eabi/lib/thumb/v6-m\libcr_c.a(initio.o)
 .ARM.attributes
                0x0000055b       0x31 c:/nxp/mcuxpressoide_10.3.0_2200/ide/plugins/com.nxp.mcuxpresso.tools.win32_10.3.0.201811011841/tools/bin/../lib/gcc/arm-none-eabi/7.3.1/../../../../arm-none-eabi/lib/thumb/v6-m\libcr_c.a(printf.o)
 .ARM.attributes
                0x0000058c       0x31 c:/nxp/mcuxpressoide_10.3.0_2200/ide/plugins/com.nxp.mcuxpresso.tools.win32_10.3.0.201811011841/tools/bin/../lib/gcc/arm-none-eabi/7.3.1/../../../../arm-none-eabi/lib/thumb/v6-m\libcr_c.a(setvbuf.o)
 .ARM.attributes
                0x000005bd       0x31 c:/nxp/mcuxpressoide_10.3.0_2200/ide/plugins/com.nxp.mcuxpresso.tools.win32_10.3.0.201811011841/tools/bin/../lib/gcc/arm-none-eabi/7.3.1/../../../../arm-none-eabi/lib/thumb/v6-m\libcr_c.a(strlen.o)
 .ARM.attributes
                0x000005ee       0x31 c:/nxp/mcuxpressoide_10.3.0_2200/ide/plugins/com.nxp.mcuxpresso.tools.win32_10.3.0.201811011841/tools/bin/../lib/gcc/arm-none-eabi/7.3.1/../../../../arm-none-eabi/lib/thumb/v6-m\libcr_c.a(__init_alloc.o)
 .ARM.attributes
                0x0000061f       0x31 c:/nxp/mcuxpressoide_10.3.0_2200/ide/plugins/com.nxp.mcuxpresso.tools.win32_10.3.0.201811011841/tools/bin/../lib/gcc/arm-none-eabi/7.3.1/../../../../arm-none-eabi/lib/thumb/v6-m\libcr_c.a(_cr_sbrk.o)
 .ARM.attributes
                0x00000650       0x31 c:/nxp/mcuxpressoide_10.3.0_2200/ide/plugins/com.nxp.mcuxpresso.tools.win32_10.3.0.201811011841/tools/bin/../lib/gcc/arm-none-eabi/7.3.1/../../../../arm-none-eabi/lib/thumb/v6-m\libcr_c.a(_fdopen.o)
 .ARM.attributes
                0x00000681       0x31 c:/nxp/mcuxpressoide_10.3.0_2200/ide/plugins/com.nxp.mcuxpresso.tools.win32_10.3.0.201811011841/tools/bin/../lib/gcc/arm-none-eabi/7.3.1/../../../../arm-none-eabi/lib/thumb/v6-m\libcr_c.a(errno.o)
 .ARM.attributes
                0x000006b2       0x31 c:/nxp/mcuxpressoide_10.3.0_2200/ide/plugins/com.nxp.mcuxpresso.tools.win32_10.3.0.201811011841/tools/bin/../lib/gcc/arm-none-eabi/7.3.1/../../../../arm-none-eabi/lib/thumb/v6-m\libcr_c.a(fclose.o)
 .ARM.attributes
                0x000006e3       0x31 c:/nxp/mcuxpressoide_10.3.0_2200/ide/plugins/com.nxp.mcuxpresso.tools.win32_10.3.0.201811011841/tools/bin/../lib/gcc/arm-none-eabi/7.3.1/../../../../arm-none-eabi/lib/thumb/v6-m\libcr_c.a(fflush.o)
 .ARM.attributes
                0x00000714       0x31 c:/nxp/mcuxpressoide_10.3.0_2200/ide/plugins/com.nxp.mcuxpresso.tools.win32_10.3.0.201811011841/tools/bin/../lib/gcc/arm-none-eabi/7.3.1/../../../../arm-none-eabi/lib/thumb/v6-m\libcr_c.a(remove.o)
 .ARM.attributes
                0x00000745       0x31 c:/nxp/mcuxpressoide_10.3.0_2200/ide/plugins/com.nxp.mcuxpresso.tools.win32_10.3.0.201811011841/tools/bin/../lib/gcc/arm-none-eabi/7.3.1/../../../../arm-none-eabi/lib/thumb/v6-m\libcr_c.a(_cr_check_heap.o)
 .ARM.attributes
                0x00000776       0x31 c:/nxp/mcuxpressoide_10.3.0_2200/ide/plugins/com.nxp.mcuxpresso.tools.win32_10.3.0.201811011841/tools/bin/../lib/gcc/arm-none-eabi/7.3.1/../../../../arm-none-eabi/lib/thumb/v6-m\libcr_c.a(_do_fflush.o)
 .ARM.attributes
                0x000007a7       0x21 c:/nxp/mcuxpressoide_10.3.0_2200/ide/plugins/com.nxp.mcuxpresso.tools.win32_10.3.0.201811011841/tools/bin/../lib/gcc/arm-none-eabi/7.3.1/thumb/v6-m\libcr_eabihelpers.a(division_32.o)
 .ARM.attributes
                0x000007c8       0x21 c:/nxp/mcuxpressoide_10.3.0_2200/ide/plugins/com.nxp.mcuxpresso.tools.win32_10.3.0.201811011841/tools/bin/../lib/gcc/arm-none-eabi/7.3.1/thumb/v6-m\libcr_eabihelpers.a(division_idiv0.o)
 .ARM.attributes
                0x000007e9       0x21 c:/nxp/mcuxpressoide_10.3.0_2200/ide/plugins/com.nxp.mcuxpresso.tools.win32_10.3.0.201811011841/tools/bin/../lib/gcc/arm-none-eabi/7.3.1/thumb/v6-m\libcr_eabihelpers.a(llong.o)
 .ARM.attributes
                0x0000080a       0x21 c:/nxp/mcuxpressoide_10.3.0_2200/ide/plugins/com.nxp.mcuxpresso.tools.win32_10.3.0.201811011841/tools/bin/../lib/gcc/arm-none-eabi/7.3.1/thumb/v6-m\libcr_eabihelpers.a(memcpy.o)
 .ARM.attributes
                0x0000082b       0x21 c:/nxp/mcuxpressoide_10.3.0_2200/ide/plugins/com.nxp.mcuxpresso.tools.win32_10.3.0.201811011841/tools/bin/../lib/gcc/arm-none-eabi/7.3.1/../../../../arm-none-eabi/lib/thumb/v6-m\libcr_semihost_nf.a(__sys_close.o)
 .ARM.attributes
                0x0000084c       0x21 c:/nxp/mcuxpressoide_10.3.0_2200/ide/plugins/com.nxp.mcuxpresso.tools.win32_10.3.0.201811011841/tools/bin/../lib/gcc/arm-none-eabi/7.3.1/../../../../arm-none-eabi/lib/thumb/v6-m\libcr_semihost_nf.a(__sys_flen.o)
 .ARM.attributes
                0x0000086d       0x21 c:/nxp/mcuxpressoide_10.3.0_2200/ide/plugins/com.nxp.mcuxpresso.tools.win32_10.3.0.201811011841/tools/bin/../lib/gcc/arm-none-eabi/7.3.1/../../../../arm-none-eabi/lib/thumb/v6-m\libcr_semihost_nf.a(__sys_istty.o)
 .ARM.attributes
                0x0000088e       0x21 c:/nxp/mcuxpressoide_10.3.0_2200/ide/plugins/com.nxp.mcuxpresso.tools.win32_10.3.0.201811011841/tools/bin/../lib/gcc/arm-none-eabi/7.3.1/../../../../arm-none-eabi/lib/thumb/v6-m\libcr_semihost_nf.a(__sys_remove.o)
 .ARM.attributes
                0x000008af       0x21 c:/nxp/mcuxpressoide_10.3.0_2200/ide/plugins/com.nxp.mcuxpresso.tools.win32_10.3.0.201811011841/tools/bin/../lib/gcc/arm-none-eabi/7.3.1/../../../../arm-none-eabi/lib/thumb/v6-m\libcr_semihost_nf.a(__sys_seek.o)
 .ARM.attributes
                0x000008d0       0x21 c:/nxp/mcuxpressoide_10.3.0_2200/ide/plugins/com.nxp.mcuxpresso.tools.win32_10.3.0.201811011841/tools/bin/../lib/gcc/arm-none-eabi/7.3.1/../../../../arm-none-eabi/lib/thumb/v6-m\libcr_semihost_nf.a(__sys_tmpnam.o)
 .ARM.attributes
                0x000008f1       0x21 c:/nxp/mcuxpressoide_10.3.0_2200/ide/plugins/com.nxp.mcuxpresso.tools.win32_10.3.0.201811011841/tools/bin/../lib/gcc/arm-none-eabi/7.3.1/../../../../arm-none-eabi/lib/thumb/v6-m\libcr_semihost_nf.a(__sys_write.o)

.debug_frame    0x00000000     0x19bc
 .debug_frame   0x00000000       0x8c ./utilities/fsl_debug_console.o
 .debug_frame   0x0000008c      0x3b0 ./startup/startup_mkw36z4.o
 .debug_frame   0x0000043c       0x2c ./source/ArqSwAutomotriz_HMI.o
 .debug_frame   0x00000468       0x20 ./source/semihost_hardfault.o
 .debug_frame   0x00000488       0xb0 ./freertos/list.o
 .debug_frame   0x00000538      0x154 ./freertos/port.o
 .debug_frame   0x0000068c      0x73c ./freertos/tasks.o
 .debug_frame   0x00000dc8      0x530 ./drivers/fsl_clock.o
 .debug_frame   0x000012f8      0x430 ./drivers/fsl_lpuart.o
 .debug_frame   0x00001728       0x50 ./board/board.o
 .debug_frame   0x00001778      0x144 ./board/clock_config.o
 .debug_frame   0x000018bc       0x2c ./board/peripherals.o
 .debug_frame   0x000018e8       0x88 ./board/pin_mux.o
 .debug_frame   0x00001970       0x4c ./CMSIS/system_MKW36Z4.o
